Archive member included to satisfy reference by file (symbol)

../libSDL3_test.a(SDL_test_common.o)
                              torturethread.o (SDLTest_CommonCreateState)
../libSDL3_test.a(SDL_test_font.o)
                              ../libSDL3_test.a(SDL_test_common.o) (SDLTest_DrawString)
../libSDL3_test.a(SDL_test_memory.o)
                              ../libSDL3_test.a(SDL_test_common.o) (SDLTest_TrackAllocations)
../libSDL3_test.a(SDL_test_crc32.o)
                              ../libSDL3_test.a(SDL_test_memory.o) (SDLTest_Crc32Init)
../libSDL3_test.a(SDL_test_fuzzer.o)
                              ../libSDL3_test.a(SDL_test_memory.o) (SDLTest_RandomUint8)
../libSDL3.a(SDL.o)           ../libSDL3_test.a(SDL_test_common.o) (SDL_InitSubSystem)
../libSDL3.a(SDL_assert.o)    ../libSDL3_test.a(SDL_test_memory.o) (SDL_ReportAssertion)
../libSDL3.a(SDL_error.o)     ../libSDL3_test.a(SDL_test_crc32.o) (SDL_SetError)
../libSDL3.a(SDL_hints.o)     ../libSDL3.a(SDL.o) (SDL_QuitHints)
../libSDL3.a(SDL_log.o)       ../libSDL3.a(SDL.o) (SDL_QuitLog)
../libSDL3.a(SDL_properties.o)
                              ../libSDL3.a(SDL.o) (SDL_QuitProperties)
../libSDL3.a(SDL_utils.o)     ../libSDL3.a(SDL.o) (SDL_SetObjectsInvalid)
../libSDL3.a(SDL_atomic.o)    ../libSDL3_test.a(SDL_test_memory.o) (SDL_CompareAndSwapAtomicInt)
../libSDL3.a(SDL_spinlock.o)  ../libSDL3.a(SDL_atomic.o) (SDL_LockSpinlock)
../libSDL3.a(SDL_audio.o)     ../libSDL3_test.a(SDL_test_common.o) (SDL_GetNumAudioDrivers)
../libSDL3.a(SDL_audiocvt.o)  ../libSDL3.a(SDL_audio.o) (ConvertAudio)
../libSDL3.a(SDL_audioqueue.o)
                              ../libSDL3.a(SDL_audiocvt.o) (SDL_DestroyAudioQueue)
../libSDL3.a(SDL_audioresample.o)
                              ../libSDL3.a(SDL_audio.o) (SDL_SetupAudioResampler)
../libSDL3.a(SDL_audiotypecvt.o)
                              ../libSDL3.a(SDL_audiocvt.o) (ConvertAudioToFloat)
../libSDL3.a(SDL_mixer.o)     ../libSDL3.a(SDL_audio.o) (SDL_MixAudio)
../libSDL3.a(SDL_dummyaudio.o)
                              ../libSDL3.a(SDL_audio.o) (DUMMYAUDIO_bootstrap)
../libSDL3.a(SDL_camera.o)    ../libSDL3.a(SDL.o) (SDL_QuitCamera)
../libSDL3.a(SDL_cpuinfo.o)   ../libSDL3.a(SDL.o) (SDL_QuitCPUInfo)
../libSDL3.a(SDL_categories.o)
                              ../libSDL3_test.a(SDL_test_common.o) (SDL_GetWindowFromEvent)
../libSDL3.a(SDL_events.o)    ../libSDL3.a(SDL_audio.o) (SDL_EventEnabled)
../libSDL3.a(SDL_eventwatch.o)
                              ../libSDL3.a(SDL_events.o) (SDL_QuitEventWatchList)
../libSDL3.a(SDL_keyboard.o)  ../libSDL3_test.a(SDL_test_common.o) (SDL_GetModState)
../libSDL3.a(SDL_keymap.o)    ../libSDL3.a(SDL_keyboard.o) (SDL_CreateKeymap)
../libSDL3.a(SDL_mouse.o)     ../libSDL3.a(SDL_keyboard.o) (SDL_SetRelativeMouseMode)
../libSDL3.a(SDL_quit.o)      ../libSDL3.a(SDL_events.o) (SDL_InitQuit)
../libSDL3.a(SDL_touch.o)     ../libSDL3.a(SDL_mouse.o) (SDL_AddTouch)
../libSDL3.a(SDL_windowevents.o)
                              ../libSDL3.a(SDL_events.o) (SDL_InitWindowEventWatch)
../libSDL3.a(SDL_filesystem.o)
                              ../libSDL3.a(SDL.o) (SDL_InitFilesystem)
../libSDL3.a(SDL_gpu.o)       ../libSDL3_test.a(SDL_test_common.o) (SDL_GetGPUDeviceDriver)
../libSDL3.a(SDL_asyncio.o)   ../libSDL3.a(SDL.o) (SDL_QuitAsyncIO)
../libSDL3.a(SDL_iostream.o)  ../libSDL3_test.a(SDL_test_common.o) (SDL_IOFromFile)
../libSDL3.a(SDL_asyncio_generic.o)
                              ../libSDL3.a(SDL_asyncio.o) (SDL_SYS_AsyncIOFromFile)
../libSDL3.a(SDL_joystick.o)  ../libSDL3.a(SDL_utils.o) (SDL_GetGamepadTypeFromVIDPID)
../libSDL3.a(SDL_steam_virtual_gamepad.o)
                              ../libSDL3.a(SDL_joystick.o) (SDL_InitSteamVirtualGamepadInfo)
../libSDL3.a(controller_type.o)
                              ../libSDL3.a(SDL_joystick.o) (GuessControllerType)
../libSDL3.a(SDL_sysjoystick.o)
                              ../libSDL3.a(SDL_joystick.o) (SDL_DUMMY_JoystickDriver)
../libSDL3.a(SDL_render.o)    ../libSDL3.a(SDL.o) (SDL_QuitRender)
../libSDL3.a(SDL_yuv_sw.o)    ../libSDL3.a(SDL_render.o) (SDL_SW_CreateYUVTexture)
../libSDL3.a(SDL_render_sw.o)
                              ../libSDL3.a(SDL_render.o) (SW_CreateRendererForSurface)
../libSDL3.a(SDL_rotate.o)    ../libSDL3.a(SDL_render_sw.o) (SDLgfx_rotozoomSurfaceSizeTrig)
../libSDL3.a(SDL_triangle.o)  ../libSDL3.a(SDL_render_sw.o) (trianglepoint_2_fixedpoint)
../libSDL3.a(SDL_sensor.o)    ../libSDL3.a(SDL_joystick.o) (SDL_GetSensors)
../libSDL3.a(SDL_dummysensor.o)
                              ../libSDL3.a(SDL_sensor.o) (SDL_DUMMY_SensorDriver)
../libSDL3.a(SDL_crc16.o)     ../libSDL3.a(SDL_joystick.o) (SDL_crc16)
../libSDL3.a(SDL_getenv.o)    ../libSDL3.a(SDL.o) (SDL_InitEnvironment)
../libSDL3.a(SDL_malloc.o)    ../libSDL3_test.a(SDL_test_memory.o) (SDL_GetMemoryFunctions)
../libSDL3.a(SDL_qsort.o)     ../libSDL3.a(SDL_camera.o) (SDL_qsort)
../libSDL3.a(SDL_random.o)    ../libSDL3_test.a(SDL_test_fuzzer.o) (SDL_rand_r)
[...]
Memory Configuration

Name             Origin             Length             Attributes
*default*        0x00000000         0xffffffff

Linker script and memory map

LOAD torturethread.o
LOAD ../libSDL3_test.a
LOAD ../libSDL3.a
LOAD /Users/nick/Retro68-build/toolchain/lib/gcc/m68k-apple-macos/16.1.0/../../../../m68k-apple-macos/lib/libOpenGLLibrary.a
LOAD /Users/nick/Retro68-build/toolchain/lib/gcc/m68k-apple-macos/16.1.0/../../../../m68k-apple-macos/lib/libstdc++.a
LOAD /Users/nick/Retro68-build/toolchain/lib/gcc/m68k-apple-macos/16.1.0/../../../../m68k-apple-macos/lib/libm.a
START GROUP
LOAD /Users/nick/Retro68-build/toolchain/lib/gcc/m68k-apple-macos/16.1.0/libgcc.a
LOAD /Users/nick/Retro68-build/toolchain/lib/gcc/m68k-apple-macos/16.1.0/../../../../m68k-apple-macos/lib/libc.a
LOAD /Users/nick/Retro68-build/toolchain/lib/gcc/m68k-apple-macos/16.1.0/../../../../m68k-apple-macos/lib/libretrocrt.a
LOAD /Users/nick/Retro68-build/toolchain/lib/gcc/m68k-apple-macos/16.1.0/../../../../m68k-apple-macos/lib/libInterface.a
END GROUP
                0x00000001                        _MULTISEG_APP = 0x1

.code00001      0x00000000    0x16e2c
 FILL mask 0x4e71
                0x00000000                        _stext = .
 FILL mask 0x4e71
                [!provide]                        PROVIDE (_rsrc_start = .)
                0x00000000                        . = ALIGN (0x2)
                0x00000000                        _entry_trampoline = .
                0x00000000        0x2 SHORT 0x4e71 DEFINED (__break_on_entry)?0xa9ff:0x4e71
                0x00000002        0x4 LONG 0x61000002
                0x00000006        0x2 SHORT 0x697
                0x00000008        0x4 LONG 0x12 ((_start - _entry_trampoline) - 0x6)
                [!provide]                        PROVIDE (_start = .)
                0x0000000c        0x2 SHORT 0x4e75
 FILL mask 0x00000000
 *(.relocvars)
 .relocvars     0x0000000e        0xa /Users/nick/Retro68-build/toolchain/lib/gcc/m68k-apple-macos/16.1.0/../../../../m68k-apple-macos/lib/libretrocrt.a(relocate.c.obj)
                0x0000000e                relocState
 FILL mask 0x4e71
 */libretrocrt.a:start.c.obj(.text)
 */libretrocrt.a:start.c.obj(.text.*)
 .text._start   0x00000018       0x4c /Users/nick/Retro68-build/toolchain/lib/gcc/m68k-apple-macos/16.1.0/../../../../m68k-apple-macos/lib/libretrocrt.a(start.c.obj)
                0x00000018                _start
 .text._start.macsbug
                0x00000064        0xc /Users/nick/Retro68-build/toolchain/lib/gcc/m68k-apple-macos/16.1.0/../../../../m68k-apple-macos/lib/libretrocrt.a(start.c.obj)
 */libretrocrt.a:relocate.c.obj(.text)
 */libretrocrt.a:relocate.c.obj(.text.*)
 .text.Retro68ApplyRelocations
                0x00000070      0x29a /Users/nick/Retro68-build/toolchain/lib/gcc/m68k-apple-macos/16.1.0/../../../../m68k-apple-macos/lib/libretrocrt.a(relocate.c.obj)
                0x00000070                Retro68ApplyRelocations
 .text.Retro68ApplyRelocations.macsbug
                0x0000030a       0x1c /Users/nick/Retro68-build/toolchain/lib/gcc/m68k-apple-macos/16.1.0/../../../../m68k-apple-macos/lib/libretrocrt.a(relocate.c.obj)
 .text.Retro68Relocate
                0x00000326      0x3ec /Users/nick/Retro68-build/toolchain/lib/gcc/m68k-apple-macos/16.1.0/../../../../m68k-apple-macos/lib/libretrocrt.a(relocate.c.obj)
                0x00000326                Retro68Relocate
 .text.Retro68Relocate.macsbug
                0x00000712       0x14 /Users/nick/Retro68-build/toolchain/lib/gcc/m68k-apple-macos/16.1.0/../../../../m68k-apple-macos/lib/libretrocrt.a(relocate.c.obj)
 .text.Retro68CallConstructors
                0x00000726       0x5c /Users/nick/Retro68-build/toolchain/lib/gcc/m68k-apple-macos/16.1.0/../../../../m68k-apple-macos/lib/libretrocrt.a(relocate.c.obj)
                0x00000726                Retro68CallConstructors
 .text.Retro68CallConstructors.macsbug
                0x00000782       0x1a /Users/nick/Retro68-build/toolchain/lib/gcc/m68k-apple-macos/16.1.0/../../../../m68k-apple-macos/lib/libretrocrt.a(relocate.c.obj)
 .text.Retro68CallDestructors
                0x0000079c       0x56 /Users/nick/Retro68-build/toolchain/lib/gcc/m68k-apple-macos/16.1.0/../../../../m68k-apple-macos/lib/libretrocrt.a(relocate.c.obj)
                0x0000079c                Retro68CallDestructors
 .text.Retro68CallDestructors.macsbug
                0x000007f2       0x1a /Users/nick/Retro68-build/toolchain/lib/gcc/m68k-apple-macos/16.1.0/../../../../m68k-apple-macos/lib/libretrocrt.a(relocate.c.obj)
 */libretrocrt.a:MultiSegApp.c.obj(.text)
 */libretrocrt.a:MultiSegApp.c.obj(.text.*)
 .text.PATCHEDUNLOADSEG
                0x0000080c      0x13c /Users/nick/Retro68-build/toolchain/lib/gcc/m68k-apple-macos/16.1.0/../../../../m68k-apple-macos/lib/libretrocrt.a(MultiSegApp.c.obj)
 .text.PATCHEDUNLOADSEG.macsbug
                0x00000948       0x16 /Users/nick/Retro68-build/toolchain/lib/gcc/m68k-apple-macos/16.1.0/../../../../m68k-apple-macos/lib/libretrocrt.a(MultiSegApp.c.obj)
 .text.PatchedChain
                0x0000095e       0x86 /Users/nick/Retro68-build/toolchain/lib/gcc/m68k-apple-macos/16.1.0/../../../../m68k-apple-macos/lib/libretrocrt.a(MultiSegApp.c.obj)
 .text.PatchedChain.macsbug
                0x000009e4       0x10 /Users/nick/Retro68-build/toolchain/lib/gcc/m68k-apple-macos/16.1.0/../../../../m68k-apple-macos/lib/libretrocrt.a(MultiSegApp.c.obj)
 .text.PATCHEDEXITTOSHELL
                0x000009f4       0x40 /Users/nick/Retro68-build/toolchain/lib/gcc/m68k-apple-macos/16.1.0/../../../../m68k-apple-macos/lib/libretrocrt.a(MultiSegApp.c.obj)
 .text.PATCHEDEXITTOSHELL.macsbug
                0x00000a34       0x16 /Users/nick/Retro68-build/toolchain/lib/gcc/m68k-apple-macos/16.1.0/../../../../m68k-apple-macos/lib/libretrocrt.a(MultiSegApp.c.obj)
 .text.PatchedLaunch
                0x00000a4a       0x86 /Users/nick/Retro68-build/toolchain/lib/gcc/m68k-apple-macos/16.1.0/../../../../m68k-apple-macos/lib/libretrocrt.a(MultiSegApp.c.obj)
 .text.PatchedLaunch.macsbug
                0x00000ad0       0x10 /Users/nick/Retro68-build/toolchain/lib/gcc/m68k-apple-macos/16.1.0/../../../../m68k-apple-macos/lib/libretrocrt.a(MultiSegApp.c.obj)
 .text.RETRO68LOADSEGMENT
                0x00000ae0      0x226 /Users/nick/Retro68-build/toolchain/lib/gcc/m68k-apple-macos/16.1.0/../../../../m68k-apple-macos/lib/libretrocrt.a(MultiSegApp.c.obj)
                0x00000ae0                RETRO68LOADSEGMENT
 .text.RETRO68LOADSEGMENT.macsbug
                0x00000d06       0x18 /Users/nick/Retro68-build/toolchain/lib/gcc/m68k-apple-macos/16.1.0/../../../../m68k-apple-macos/lib/libretrocrt.a(MultiSegApp.c.obj)
 .text.Retro68InitMultisegApp
                0x00000d1e      0x1dc /Users/nick/Retro68-build/toolchain/lib/gcc/m68k-apple-macos/16.1.0/../../../../m68k-apple-macos/lib/libretrocrt.a(MultiSegApp.c.obj)
                0x00000d1e                Retro68InitMultisegApp
 .text.Retro68InitMultisegApp.macsbug
                0x00000efa       0x1a /Users/nick/Retro68-build/toolchain/lib/gcc/m68k-apple-macos/16.1.0/../../../../m68k-apple-macos/lib/libretrocrt.a(MultiSegApp.c.obj)
 */libretrocrt.a:LoadSeg.s.obj(.text)
 .text          0x00000f14       0x1a /Users/nick/Retro68-build/toolchain/lib/gcc/m68k-apple-macos/16.1.0/../../../../m68k-apple-macos/lib/libretrocrt.a(LoadSeg.s.obj)
                0x00000f14                PATCHEDLOADSEG
 */libretrocrt.a:LoadSeg.s.obj(.text.*)
 */libretrocrt.a:*(.text)
 */libretrocrt.a:*(.text.*)
 .text._malloc_r
                0x00000f2e       0x16 /Users/nick/Retro68-build/toolchain/lib/gcc/m68k-apple-macos/16.1.0/../../../../m68k-apple-macos/lib/libretrocrt.a(malloc.c.obj)
                0x00000f2e                _malloc_r
 .text._malloc_r.macsbug
                0x00000f44        0xc /Users/nick/Retro68-build/toolchain/lib/gcc/m68k-apple-macos/16.1.0/../../../../m68k-apple-macos/lib/libretrocrt.a(malloc.c.obj)
 .text._calloc_r
                0x00000f50       0x22 /Users/nick/Retro68-build/toolchain/lib/gcc/m68k-apple-macos/16.1.0/../../../../m68k-apple-macos/lib/libretrocrt.a(malloc.c.obj)
                0x00000f50                _calloc_r
 .text._calloc_r.macsbug
                0x00000f72        0xc /Users/nick/Retro68-build/toolchain/lib/gcc/m68k-apple-macos/16.1.0/../../../../m68k-apple-macos/lib/libretrocrt.a(malloc.c.obj)
 .text._free_r  0x00000f7e        0xe /Users/nick/Retro68-build/toolchain/lib/gcc/m68k-apple-macos/16.1.0/../../../../m68k-apple-macos/lib/libretrocrt.a(malloc.c.obj)
                0x00000f7e                _free_r
 .text._free_r.macsbug
                0x00000f8c        0xa /Users/nick/Retro68-build/toolchain/lib/gcc/m68k-apple-macos/16.1.0/../../../../m68k-apple-macos/lib/libretrocrt.a(malloc.c.obj)
 .text._realloc_r
                0x00000f96       0xcc /Users/nick/Retro68-build/toolchain/lib/gcc/m68k-apple-macos/16.1.0/../../../../m68k-apple-macos/lib/libretrocrt.a(malloc.c.obj)
                0x00000f96                _realloc_r
 .text._realloc_r.macsbug
                0x00001062        0xe /Users/nick/Retro68-build/toolchain/lib/gcc/m68k-apple-macos/16.1.0/../../../../m68k-apple-macos/lib/libretrocrt.a(malloc.c.obj)
 .text.malloc   0x00001070       0x20 /Users/nick/Retro68-build/toolchain/lib/gcc/m68k-apple-macos/16.1.0/../../../../m68k-apple-macos/lib/libretrocrt.a(malloc.c.obj)
                0x00001070                malloc
 .text.malloc.macsbug
                0x00001090        0xa /Users/nick/Retro68-build/toolchain/lib/gcc/m68k-apple-macos/16.1.0/../../../../m68k-apple-macos/lib/libretrocrt.a(malloc.c.obj)
 .text.free     0x0000109a        0xe /Users/nick/Retro68-build/toolchain/lib/gcc/m68k-apple-macos/16.1.0/../../../../m68k-apple-macos/lib/libretrocrt.a(malloc.c.obj)
                0x0000109a                free
 .text.free.macsbug
                0x000010a8        0x8 /Users/nick/Retro68-build/toolchain/lib/gcc/m68k-apple-macos/16.1.0/../../../../m68k-apple-macos/lib/libretrocrt.a(malloc.c.obj)
 .text.realloc  0x000010b0       0xde /Users/nick/Retro68-build/toolchain/lib/gcc/m68k-apple-macos/16.1.0/../../../../m68k-apple-macos/lib/libretrocrt.a(malloc.c.obj)
                0x000010b0                realloc
 .text.realloc.macsbug
                0x0000118e        0xa /Users/nick/Retro68-build/toolchain/lib/gcc/m68k-apple-macos/16.1.0/../../../../m68k-apple-macos/lib/libretrocrt.a(malloc.c.obj)
 .text.calloc   0x00001198       0x2c /Users/nick/Retro68-build/toolchain/lib/gcc/m68k-apple-macos/16.1.0/../../../../m68k-apple-macos/lib/libretrocrt.a(malloc.c.obj)
                0x00001198                calloc
 .text.calloc.macsbug
                0x000011c4        0xa /Users/nick/Retro68-build/toolchain/lib/gcc/m68k-apple-macos/16.1.0/../../../../m68k-apple-macos/lib/libretrocrt.a(malloc.c.obj)
 .text._exit    0x000011ce        0x4 /Users/nick/Retro68-build/toolchain/lib/gcc/m68k-apple-macos/16.1.0/../../../../m68k-apple-macos/lib/libretrocrt.a(syscalls.c.obj)
                0x000011ce                _exit
 .text._exit.macsbug
                0x000011d2        0xa /Users/nick/Retro68-build/toolchain/lib/gcc/m68k-apple-macos/16.1.0/../../../../m68k-apple-macos/lib/libretrocrt.a(syscalls.c.obj)
 .text._write_r
                0x000011dc       0x4c /Users/nick/Retro68-build/toolchain/lib/gcc/m68k-apple-macos/16.1.0/../../../../m68k-apple-macos/lib/libretrocrt.a(syscalls.c.obj)
                0x000011dc                _write_r
 .text._write_r.macsbug
                0x00001228        0xc /Users/nick/Retro68-build/toolchain/lib/gcc/m68k-apple-macos/16.1.0/../../../../m68k-apple-macos/lib/libretrocrt.a(syscalls.c.obj)
 .text._read_r  0x00001234       0x4c /Users/nick/Retro68-build/toolchain/lib/gcc/m68k-apple-macos/16.1.0/../../../../m68k-apple-macos/lib/libretrocrt.a(syscalls.c.obj)
                0x00001234                _read_r
 .text._read_r.macsbug
                0x00001280        0xa /Users/nick/Retro68-build/toolchain/lib/gcc/m68k-apple-macos/16.1.0/../../../../m68k-apple-macos/lib/libretrocrt.a(syscalls.c.obj)
 .text._open_r  0x0000128a       0xf4 /Users/nick/Retro68-build/toolchain/lib/gcc/m68k-apple-macos/16.1.0/../../../../m68k-apple-macos/lib/libretrocrt.a(syscalls.c.obj)
                0x0000128a                _open_r
 .text._open_r.macsbug
                0x0000137e        0xa /Users/nick/Retro68-build/toolchain/lib/gcc/m68k-apple-macos/16.1.0/../../../../m68k-apple-macos/lib/libretrocrt.a(syscalls.c.obj)
 .text._close_r
                0x00001388       0x58 /Users/nick/Retro68-build/toolchain/lib/gcc/m68k-apple-macos/16.1.0/../../../../m68k-apple-macos/lib/libretrocrt.a(syscalls.c.obj)
                0x00001388                _close_r
 .text._close_r.macsbug
                0x000013e0        0xc /Users/nick/Retro68-build/toolchain/lib/gcc/m68k-apple-macos/16.1.0/../../../../m68k-apple-macos/lib/libretrocrt.a(syscalls.c.obj)
 .text._fstat_r
                0x000013ec        0x4 /Users/nick/Retro68-build/toolchain/lib/gcc/m68k-apple-macos/16.1.0/../../../../m68k-apple-macos/lib/libretrocrt.a(syscalls.c.obj)
                0x000013ec                _fstat_r
 .text._fstat_r.macsbug
                0x000013f0        0xc /Users/nick/Retro68-build/toolchain/lib/gcc/m68k-apple-macos/16.1.0/../../../../m68k-apple-macos/lib/libretrocrt.a(syscalls.c.obj)
 .text._stat_r  0x000013fc        0x4 /Users/nick/Retro68-build/toolchain/lib/gcc/m68k-apple-macos/16.1.0/../../../../m68k-apple-macos/lib/libretrocrt.a(syscalls.c.obj)
                0x000013fc                _stat_r
 .text._stat_r.macsbug
                0x00001400        0xa /Users/nick/Retro68-build/toolchain/lib/gcc/m68k-apple-macos/16.1.0/../../../../m68k-apple-macos/lib/libretrocrt.a(syscalls.c.obj)
 .text._lseek_r
                0x0000140a       0x5e /Users/nick/Retro68-build/toolchain/lib/gcc/m68k-apple-macos/16.1.0/../../../../m68k-apple-macos/lib/libretrocrt.a(syscalls.c.obj)
                0x0000140a                _lseek_r
 .text._lseek_r.macsbug
                0x00001468        0xc /Users/nick/Retro68-build/toolchain/lib/gcc/m68k-apple-macos/16.1.0/../../../../m68k-apple-macos/lib/libretrocrt.a(syscalls.c.obj)
 .text._kill_r  0x00001474       0x16 /Users/nick/Retro68-build/toolchain/lib/gcc/m68k-apple-macos/16.1.0/../../../../m68k-apple-macos/lib/libretrocrt.a(syscalls.c.obj)
                0x00001474                _kill_r
 .text._kill_r.macsbug
                0x0000148a        0xc /Users/nick/Retro68-build/toolchain/lib/gcc/m68k-apple-macos/16.1.0/../../../../m68k-apple-macos/lib/libretrocrt.a(syscalls.c.obj)
 .text._getpid_r
                0x00001496        0x4 /Users/nick/Retro68-build/toolchain/lib/gcc/m68k-apple-macos/16.1.0/../../../../m68k-apple-macos/lib/libretrocrt.a(syscalls.c.obj)
                0x00001496                _getpid_r
 .text._getpid_r.macsbug
                0x0000149a        0xc /Users/nick/Retro68-build/toolchain/lib/gcc/m68k-apple-macos/16.1.0/../../../../m68k-apple-macos/lib/libretrocrt.a(syscalls.c.obj)
 .text._isatty_r
                0x000014a6       0x10 /Users/nick/Retro68-build/toolchain/lib/gcc/m68k-apple-macos/16.1.0/../../../../m68k-apple-macos/lib/libretrocrt.a(syscalls.c.obj)
                0x000014a6                _isatty_r
 .text._isatty_r.macsbug
                0x000014b6        0xc /Users/nick/Retro68-build/toolchain/lib/gcc/m68k-apple-macos/16.1.0/../../../../m68k-apple-macos/lib/libretrocrt.a(syscalls.c.obj)
 .text._gettimeofday_r
                0x000014c2       0xc4 /Users/nick/Retro68-build/toolchain/lib/gcc/m68k-apple-macos/16.1.0/../../../../m68k-apple-macos/lib/libretrocrt.a(syscalls.c.obj)
                0x000014c2                _gettimeofday_r
 .text._gettimeofday_r.macsbug
                0x00001586       0x14 /Users/nick/Retro68-build/toolchain/lib/gcc/m68k-apple-macos/16.1.0/../../../../m68k-apple-macos/lib/libretrocrt.a(syscalls.c.obj)
 .text._consolewrite
                0x0000159a        0x4 /Users/nick/Retro68-build/toolchain/lib/gcc/m68k-apple-macos/16.1.0/../../../../m68k-apple-macos/lib/libretrocrt.a(consolehooks.c.obj)
                0x0000159a                _consolewrite
 .text._consolewrite.macsbug
                0x0000159e       0x10 /Users/nick/Retro68-build/toolchain/lib/gcc/m68k-apple-macos/16.1.0/../../../../m68k-apple-macos/lib/libretrocrt.a(consolehooks.c.obj)
 .text._consoleread
                0x000015ae        0x4 /Users/nick/Retro68-build/toolchain/lib/gcc/m68k-apple-macos/16.1.0/../../../../m68k-apple-macos/lib/libretrocrt.a(consolehooks.c.obj)
                0x000015ae                _consoleread
 .text._consoleread.macsbug
                0x000015b2       0x10 /Users/nick/Retro68-build/toolchain/lib/gcc/m68k-apple-macos/16.1.0/../../../../m68k-apple-macos/lib/libretrocrt.a(consolehooks.c.obj)
 */libInterface.a:*(.text)
 */libInterface.a:*(.text.*)
 .text.GETPTRSIZE
                0x000015c2        0xe /Users/nick/Retro68-build/toolchain/lib/gcc/m68k-apple-macos/16.1.0/../../../../m68k-apple-macos/lib/libInterface.a(Interface.o)
                0x000015c2                GETPTRSIZE
 .text.GETPTRSIZE.macsbug
                0x000015d0        0xe /Users/nick/Retro68-build/toolchain/lib/gcc/m68k-apple-macos/16.1.0/../../../../m68k-apple-macos/lib/libInterface.a(Interface.o)
 .text.GETHANDLESIZE
                0x000015de        0xe /Users/nick/Retro68-build/toolchain/lib/gcc/m68k-apple-macos/16.1.0/../../../../m68k-apple-macos/lib/libInterface.a(Interface.o)
                0x000015de                GETHANDLESIZE
 .text.GETHANDLESIZE.macsbug
                0x000015ec       0x10 /Users/nick/Retro68-build/toolchain/lib/gcc/m68k-apple-macos/16.1.0/../../../../m68k-apple-macos/lib/libInterface.a(Interface.o)
 .text.FLUSHVOL
                0x000015fc       0x20 /Users/nick/Retro68-build/toolchain/lib/gcc/m68k-apple-macos/16.1.0/../../../../m68k-apple-macos/lib/libInterface.a(Interface.o)
                0x000015fc                FLUSHVOL
 .text.FLUSHVOL.macsbug
                0x0000161c        0xc /Users/nick/Retro68-build/toolchain/lib/gcc/m68k-apple-macos/16.1.0/../../../../m68k-apple-macos/lib/libInterface.a(Interface.o)
 .text.FSCLOSE  0x00001628       0x1a /Users/nick/Retro68-build/toolchain/lib/gcc/m68k-apple-macos/16.1.0/../../../../m68k-apple-macos/lib/libInterface.a(Interface.o)
                0x00001628                FSCLOSE
 .text.FSCLOSE.macsbug
                0x00001642        0xa /Users/nick/Retro68-build/toolchain/lib/gcc/m68k-apple-macos/16.1.0/../../../../m68k-apple-macos/lib/libInterface.a(Interface.o)
 .text.HCREATE  0x0000164c       0x64 /Users/nick/Retro68-build/toolchain/lib/gcc/m68k-apple-macos/16.1.0/../../../../m68k-apple-macos/lib/libInterface.a(Interface.o)
                0x0000164c                HCREATE
 .text.HCREATE.macsbug
                0x000016b0        0xa /Users/nick/Retro68-build/toolchain/lib/gcc/m68k-apple-macos/16.1.0/../../../../m68k-apple-macos/lib/libInterface.a(Interface.o)
 .text.FSREAD   0x000016ba       0x48 /Users/nick/Retro68-build/toolchain/lib/gcc/m68k-apple-macos/16.1.0/../../../../m68k-apple-macos/lib/libInterface.a(Interface.o)
                0x000016ba                FSREAD
                0x000016be                FSWRITE
 .text.FSREAD.macsbug
                0x00001702        0xa /Users/nick/Retro68-build/toolchain/lib/gcc/m68k-apple-macos/16.1.0/../../../../m68k-apple-macos/lib/libInterface.a(Interface.o)
 .text.SETEOF   0x0000170c       0x20 /Users/nick/Retro68-build/toolchain/lib/gcc/m68k-apple-macos/16.1.0/../../../../m68k-apple-macos/lib/libInterface.a(Interface.o)
                0x0000170c                SETEOF
 .text.SETEOF.macsbug
                0x0000172c        0xa /Users/nick/Retro68-build/toolchain/lib/gcc/m68k-apple-macos/16.1.0/../../../../m68k-apple-macos/lib/libInterface.a(Interface.o)
 .text.GETFPOS  0x00001736       0x22 /Users/nick/Retro68-build/toolchain/lib/gcc/m68k-apple-macos/16.1.0/../../../../m68k-apple-macos/lib/libInterface.a(Interface.o)
                0x00001736                GETFPOS
 .text.GETFPOS.macsbug
                0x00001758        0xa /Users/nick/Retro68-build/toolchain/lib/gcc/m68k-apple-macos/16.1.0/../../../../m68k-apple-macos/lib/libInterface.a(Interface.o)
 .text.SETFPOS  0x00001762       0x26 /Users/nick/Retro68-build/toolchain/lib/gcc/m68k-apple-macos/16.1.0/../../../../m68k-apple-macos/lib/libInterface.a(Interface.o)
                0x00001762                SETFPOS
 .text.SETFPOS.macsbug
                0x00001788        0xa /Users/nick/Retro68-build/toolchain/lib/gcc/m68k-apple-macos/16.1.0/../../../../m68k-apple-macos/lib/libInterface.a(Interface.o)
 .text.GETVREFNUM
                0x00001792       0x44 /Users/nick/Retro68-build/toolchain/lib/gcc/m68k-apple-macos/16.1.0/../../../../m68k-apple-macos/lib/libInterface.a(Interface.o)
                0x00001792                GETVREFNUM
 .text.GETVREFNUM.macsbug
                0x000017d6        0xe /Users/nick/Retro68-build/toolchain/lib/gcc/m68k-apple-macos/16.1.0/../../../../m68k-apple-macos/lib/libInterface.a(Interface.o)
 .text.HOPENDF  0x000017e4       0x4a /Users/nick/Retro68-build/toolchain/lib/gcc/m68k-apple-macos/16.1.0/../../../../m68k-apple-macos/lib/libInterface.a(Interface.o)
                0x000017e4                HOPENDF
 .text.HOPENDF.macsbug
                0x0000182e        0xa /Users/nick/Retro68-build/toolchain/lib/gcc/m68k-apple-macos/16.1.0/../../../../m68k-apple-macos/lib/libInterface.a(Interface.o)
 .text.HOPEN    0x00001838       0x48 /Users/nick/Retro68-build/toolchain/lib/gcc/m68k-apple-macos/16.1.0/../../../../m68k-apple-macos/lib/libInterface.a(Interface.o)
                0x00001838                HOPEN
 .text.HOPEN.macsbug
                0x00001880        0x8 /Users/nick/Retro68-build/toolchain/lib/gcc/m68k-apple-macos/16.1.0/../../../../m68k-apple-macos/lib/libInterface.a(Interface.o)
 */libgcc.a:*(.text)
 .text          0x00001888       0x22 /Users/nick/Retro68-build/toolchain/lib/gcc/m68k-apple-macos/16.1.0/libgcc.a(_mulsi3.o)
                0x00001888                __mulsi3_internal
                0x00001888                __mulsi3
 *fill*         0x000018aa        0x2 4e71
 .text          0x000018ac       0x5c /Users/nick/Retro68-build/toolchain/lib/gcc/m68k-apple-macos/16.1.0/libgcc.a(_udivsi3.o)
                0x000018ac                __udivsi3
                0x000018ac                __udivsi3_internal
 .text          0x00001908       0x2e /Users/nick/Retro68-build/toolchain/lib/gcc/m68k-apple-macos/16.1.0/libgcc.a(_divsi3.o)
                0x00001908                __divsi3
                0x00001908                __divsi3_internal
 *fill*         0x00001936        0x2 4e71
 .text          0x00001938       0x2e /Users/nick/Retro68-build/toolchain/lib/gcc/m68k-apple-macos/16.1.0/libgcc.a(_umodsi3.o)
                0x00001938                __umodsi3
 *fill*         0x00001966        0x2 4e71
 .text          0x00001968       0x2e /Users/nick/Retro68-build/toolchain/lib/gcc/m68k-apple-macos/16.1.0/libgcc.a(_modsi3.o)
                0x00001968                __modsi3
 *fill*         0x00001996        0x2 4e71
 .text          0x00001998      0x9de /Users/nick/Retro68-build/toolchain/lib/gcc/m68k-apple-macos/16.1.0/libgcc.a(_double.o)
                0x000019fc                __subdf3
                0x00001a02                __adddf3
                0x00001d9e                __muldf3
                0x00001f4c                __divdf3
                0x000021c0                __negdf2
                0x0000221e                __cmpdf2_internal
                0x000022ee                __cmpdf2
 *fill*         0x00002376        0x2 4e71
 .text          0x00002378      0x732 /Users/nick/Retro68-build/toolchain/lib/gcc/m68k-apple-macos/16.1.0/libgcc.a(_float.o)
                0x000023c6                __subsf3
                0x000023cc                __addsf3
                0x0000265a                __mulsf3
                0x00002786                __divsf3
                0x0000294c                __negsf2
                0x0000299e                __cmpsf2_internal
                0x00002a3a                __cmpsf2
 *fill*         0x00002aaa        0x2 4e71
 .text          0x00002aac       0x6a /Users/nick/Retro68-build/toolchain/lib/gcc/m68k-apple-macos/16.1.0/libgcc.a(_floatex.o)
                0x00002aac                __clear_sticky_bit
                0x00002aba                $_exception_handler
 *fill*         0x00002b16        0x2 4e71
 .text          0x00002b18       0x22 /Users/nick/Retro68-build/toolchain/lib/gcc/m68k-apple-macos/16.1.0/libgcc.a(_eqdf2.o)
                0x00002b18                __eqdf2
 *fill*         0x00002b3a        0x2 4e71
 .text          0x00002b3c       0x22 /Users/nick/Retro68-build/toolchain/lib/gcc/m68k-apple-macos/16.1.0/libgcc.a(_gtdf2.o)
                0x00002b3c                __gtdf2
 *fill*         0x00002b5e        0x2 4e71
 .text          0x00002b60       0x22 /Users/nick/Retro68-build/toolchain/lib/gcc/m68k-apple-macos/16.1.0/libgcc.a(_gedf2.o)
                0x00002b60                __gedf2
 *fill*         0x00002b82        0x2 4e71
 .text          0x00002b84       0x22 /Users/nick/Retro68-build/toolchain/lib/gcc/m68k-apple-macos/16.1.0/libgcc.a(_ltdf2.o)
                0x00002b84                __ltdf2
 *fill*         0x00002ba6        0x2 4e71
 .text          0x00002ba8       0x22 /Users/nick/Retro68-build/toolchain/lib/gcc/m68k-apple-macos/16.1.0/libgcc.a(_ledf2.o)
                0x00002ba8                __ledf2
 *fill*         0x00002bca        0x2 4e71
 .text          0x00002bcc       0x1a /Users/nick/Retro68-build/toolchain/lib/gcc/m68k-apple-macos/16.1.0/libgcc.a(_eqsf2.o)
                0x00002bcc                __eqsf2
 *fill*         0x00002be6        0x2 4e71
 .text          0x00002be8       0x1a /Users/nick/Retro68-build/toolchain/lib/gcc/m68k-apple-macos/16.1.0/libgcc.a(_nesf2.o)
                0x00002be8                __nesf2
 *fill*         0x00002c02        0x2 4e71
 .text          0x00002c04       0x1a /Users/nick/Retro68-build/toolchain/lib/gcc/m68k-apple-macos/16.1.0/libgcc.a(_gtsf2.o)
                0x00002c04                __gtsf2
 *fill*         0x00002c1e        0x2 4e71
 .text          0x00002c20       0x1a /Users/nick/Retro68-build/toolchain/lib/gcc/m68k-apple-macos/16.1.0/libgcc.a(_gesf2.o)
                0x00002c20                __gesf2
 *fill*         0x00002c3a        0x2 4e71
 .text          0x00002c3c       0x1a /Users/nick/Retro68-build/toolchain/lib/gcc/m68k-apple-macos/16.1.0/libgcc.a(_ltsf2.o)
                0x00002c3c                __ltsf2
 *fill*         0x00002c56        0x2 4e71
 .text          0x00002c58       0x1a /Users/nick/Retro68-build/toolchain/lib/gcc/m68k-apple-macos/16.1.0/libgcc.a(_lesf2.o)
                0x00002c58                __lesf2
 *fill*         0x00002c72        0x2 4e71
 .text          0x00002c74       0x22 /Users/nick/Retro68-build/toolchain/lib/gcc/m68k-apple-macos/16.1.0/libgcc.a(_nedf2.o)
                0x00002c74                __nedf2
 */libgcc.a:*(.text.*)
 .text.__muldi3
                0x00002c96       0x78 /Users/nick/Retro68-build/toolchain/lib/gcc/m68k-apple-macos/16.1.0/libgcc.a(_muldi3.o)
                0x00002c96                __muldi3
 .text.__muldi3.macsbug
                0x00002d0e        0xc /Users/nick/Retro68-build/toolchain/lib/gcc/m68k-apple-macos/16.1.0/libgcc.a(_muldi3.o)
 .text.__clzsi2
                0x00002d1a       0x66 /Users/nick/Retro68-build/toolchain/lib/gcc/m68k-apple-macos/16.1.0/libgcc.a(_clzsi2.o)
                0x00002d1a                __clzsi2
 .text.__clzsi2.macsbug
                0x00002d80        0xc /Users/nick/Retro68-build/toolchain/lib/gcc/m68k-apple-macos/16.1.0/libgcc.a(_clzsi2.o)
 .text.__fixunssfsi
                0x00002d8c       0x4c /Users/nick/Retro68-build/toolchain/lib/gcc/m68k-apple-macos/16.1.0/libgcc.a(_fixunssfsi.o)
                0x00002d8c                __fixunssfsi
 .text.__fixunssfsi.macsbug
                0x00002dd8       0x10 /Users/nick/Retro68-build/toolchain/lib/gcc/m68k-apple-macos/16.1.0/libgcc.a(_fixunssfsi.o)
 .text.__fixunsdfsi
                0x00002de8       0x6a /Users/nick/Retro68-build/toolchain/lib/gcc/m68k-apple-macos/16.1.0/libgcc.a(_fixunsdfsi.o)
                0x00002de8                __fixunsdfsi
 .text.__fixunsdfsi.macsbug
                0x00002e52       0x10 /Users/nick/Retro68-build/toolchain/lib/gcc/m68k-apple-macos/16.1.0/libgcc.a(_fixunsdfsi.o)
 .text.__fixdfdi
                0x00002e62       0x52 /Users/nick/Retro68-build/toolchain/lib/gcc/m68k-apple-macos/16.1.0/libgcc.a(_fixdfdi.o)
                0x00002e62                __fixdfdi
 .text.__fixdfdi.macsbug
                0x00002eb4        0xc /Users/nick/Retro68-build/toolchain/lib/gcc/m68k-apple-macos/16.1.0/libgcc.a(_fixdfdi.o)
 .text.__fixunsdfdi
                0x00002ec0       0x72 /Users/nick/Retro68-build/toolchain/lib/gcc/m68k-apple-macos/16.1.0/libgcc.a(_fixunsdfdi.o)
                0x00002ec0                __fixunsdfdi
 .text.__fixunsdfdi.macsbug
                0x00002f32       0x10 /Users/nick/Retro68-build/toolchain/lib/gcc/m68k-apple-macos/16.1.0/libgcc.a(_fixunsdfdi.o)
 .text.__floatdisf
                0x00002f42       0x92 /Users/nick/Retro68-build/toolchain/lib/gcc/m68k-apple-macos/16.1.0/libgcc.a(_floatdisf.o)
                0x00002f42                __floatdisf
 .text.__floatdisf.macsbug
                0x00002fd4        0xe /Users/nick/Retro68-build/toolchain/lib/gcc/m68k-apple-macos/16.1.0/libgcc.a(_floatdisf.o)
 .text.__floatundidf
                0x00002fe2       0x48 /Users/nick/Retro68-build/toolchain/lib/gcc/m68k-apple-macos/16.1.0/libgcc.a(_floatundidf.o)
                0x00002fe2                __floatundidf
 .text.__floatundidf.macsbug
                0x0000302a       0x10 /Users/nick/Retro68-build/toolchain/lib/gcc/m68k-apple-macos/16.1.0/libgcc.a(_floatundidf.o)
 .text.__divdi3
                0x0000303a      0x5ee /Users/nick/Retro68-build/toolchain/lib/gcc/m68k-apple-macos/16.1.0/libgcc.a(_divdi3.o)
                0x0000303a                __divdi3
 .text.__divdi3.macsbug
                0x00003628        0xe /Users/nick/Retro68-build/toolchain/lib/gcc/m68k-apple-macos/16.1.0/libgcc.a(_divdi3.o)
 .text.__udivdi3
                0x00003636      0x5d0 /Users/nick/Retro68-build/toolchain/lib/gcc/m68k-apple-macos/16.1.0/libgcc.a(_udivdi3.o)
                0x00003636                __udivdi3
 .text.__udivdi3.macsbug
                0x00003c06        0xe /Users/nick/Retro68-build/toolchain/lib/gcc/m68k-apple-macos/16.1.0/libgcc.a(_udivdi3.o)
 .text.__umoddi3
                0x00003c14      0x542 /Users/nick/Retro68-build/toolchain/lib/gcc/m68k-apple-macos/16.1.0/libgcc.a(_umoddi3.o)
                0x00003c14                __umoddi3
 .text.__umoddi3.macsbug
                0x00004156        0xe /Users/nick/Retro68-build/toolchain/lib/gcc/m68k-apple-macos/16.1.0/libgcc.a(_umoddi3.o)
 .text.__floatsidf.part.0
                0x00004164       0x82 /Users/nick/Retro68-build/toolchain/lib/gcc/m68k-apple-macos/16.1.0/libgcc.a(fpgnulib.o)
 .text.__floatsidf.part.0.macsbug
                0x000041e6       0x16 /Users/nick/Retro68-build/toolchain/lib/gcc/m68k-apple-macos/16.1.0/libgcc.a(fpgnulib.o)
 .text.__unordsf2
                0x000041fc       0x4c /Users/nick/Retro68-build/toolchain/lib/gcc/m68k-apple-macos/16.1.0/libgcc.a(fpgnulib.o)
                0x000041fc                __unordsf2
 .text.__unordsf2.macsbug
                0x00004248        0xe /Users/nick/Retro68-build/toolchain/lib/gcc/m68k-apple-macos/16.1.0/libgcc.a(fpgnulib.o)
 .text.__unorddf2
                0x00004256       0x54 /Users/nick/Retro68-build/toolchain/lib/gcc/m68k-apple-macos/16.1.0/libgcc.a(fpgnulib.o)
                0x00004256                __unorddf2
 .text.__unorddf2.macsbug
                0x000042aa        0xe /Users/nick/Retro68-build/toolchain/lib/gcc/m68k-apple-macos/16.1.0/libgcc.a(fpgnulib.o)
 .text.__floatunsidf
                0x000042b8       0x74 /Users/nick/Retro68-build/toolchain/lib/gcc/m68k-apple-macos/16.1.0/libgcc.a(fpgnulib.o)
                0x000042b8                __floatunsidf
 .text.__floatunsidf.macsbug
                0x0000432c       0x12 /Users/nick/Retro68-build/toolchain/lib/gcc/m68k-apple-macos/16.1.0/libgcc.a(fpgnulib.o)
 .text.__floatsidf
                0x0000433e       0x12 /Users/nick/Retro68-build/toolchain/lib/gcc/m68k-apple-macos/16.1.0/libgcc.a(fpgnulib.o)
                0x0000433e                __floatsidf
 .text.__floatsidf.macsbug
                0x00004350        0xe /Users/nick/Retro68-build/toolchain/lib/gcc/m68k-apple-macos/16.1.0/libgcc.a(fpgnulib.o)
 .text.__floatunsisf
                0x0000435e       0x82 /Users/nick/Retro68-build/toolchain/lib/gcc/m68k-apple-macos/16.1.0/libgcc.a(fpgnulib.o)
                0x0000435e                __floatunsisf
 .text.__floatunsisf.macsbug
                0x000043e0       0x12 /Users/nick/Retro68-build/toolchain/lib/gcc/m68k-apple-macos/16.1.0/libgcc.a(fpgnulib.o)
 .text.__floatsisf
                0x000043f2       0x20 /Users/nick/Retro68-build/toolchain/lib/gcc/m68k-apple-macos/16.1.0/libgcc.a(fpgnulib.o)
                0x000043f2                __floatsisf
 .text.__floatsisf.macsbug
                0x00004412        0xe /Users/nick/Retro68-build/toolchain/lib/gcc/m68k-apple-macos/16.1.0/libgcc.a(fpgnulib.o)
 .text.__extendsfdf2
                0x00004420       0x9c /Users/nick/Retro68-build/toolchain/lib/gcc/m68k-apple-macos/16.1.0/libgcc.a(fpgnulib.o)
                0x00004420                __extendsfdf2
 .text.__extendsfdf2.macsbug
                0x000044bc       0x12 /Users/nick/Retro68-build/toolchain/lib/gcc/m68k-apple-macos/16.1.0/libgcc.a(fpgnulib.o)
 .text.__truncdfsf2
                0x000044ce      0x18c /Users/nick/Retro68-build/toolchain/lib/gcc/m68k-apple-macos/16.1.0/libgcc.a(fpgnulib.o)
                0x000044ce                __truncdfsf2
 .text.__truncdfsf2.macsbug
                0x0000465a       0x12 /Users/nick/Retro68-build/toolchain/lib/gcc/m68k-apple-macos/16.1.0/libgcc.a(fpgnulib.o)
 .text.__fixdfsi
                0x0000466c       0x90 /Users/nick/Retro68-build/toolchain/lib/gcc/m68k-apple-macos/16.1.0/libgcc.a(fpgnulib.o)
                0x0000466c                __fixdfsi
 .text.__fixdfsi.macsbug
                0x000046fc        0xc /Users/nick/Retro68-build/toolchain/lib/gcc/m68k-apple-macos/16.1.0/libgcc.a(fpgnulib.o)
 .text.__fixsfsi
                0x00004708       0xa0 /Users/nick/Retro68-build/toolchain/lib/gcc/m68k-apple-macos/16.1.0/libgcc.a(fpgnulib.o)
                0x00004708                __fixsfsi
 .text.__fixsfsi.macsbug
                0x000047a8        0xc /Users/nick/Retro68-build/toolchain/lib/gcc/m68k-apple-macos/16.1.0/libgcc.a(fpgnulib.o)
 .text.__floatdidf
                0x000047b4       0x4a /Users/nick/Retro68-build/toolchain/lib/gcc/m68k-apple-macos/16.1.0/libgcc.a(_floatdidf.o)
                0x000047b4                __floatdidf
 .text.__floatdidf.macsbug
                0x000047fe        0xe /Users/nick/Retro68-build/toolchain/lib/gcc/m68k-apple-macos/16.1.0/libgcc.a(_floatdidf.o)
 .text.__extenddfxf2
                0x0000480c      0x18c /Users/nick/Retro68-build/toolchain/lib/gcc/m68k-apple-macos/16.1.0/libgcc.a(xfgnulib.o)
                0x0000480c                __extenddfxf2
 .text.__extenddfxf2.macsbug
                0x00004998       0x12 /Users/nick/Retro68-build/toolchain/lib/gcc/m68k-apple-macos/16.1.0/libgcc.a(xfgnulib.o)
 .text.__truncxfdf2
                0x000049aa      0x158 /Users/nick/Retro68-build/toolchain/lib/gcc/m68k-apple-macos/16.1.0/libgcc.a(xfgnulib.o)
                0x000049aa                __truncxfdf2
 .text.__truncxfdf2.macsbug
                0x00004b02       0x12 /Users/nick/Retro68-build/toolchain/lib/gcc/m68k-apple-macos/16.1.0/libgcc.a(xfgnulib.o)
 */libc.a:*(.text)
 .text          0x00004b14       0x6e /Users/nick/Retro68-build/toolchain/lib/gcc/m68k-apple-macos/16.1.0/../../../../m68k-apple-macos/lib/libc.a(libc_a-memcpy.o)
                0x00004b14                memcpy
 *fill*         0x00004b82        0x2 4e71
 .text          0x00004b84       0x72 /Users/nick/Retro68-build/toolchain/lib/gcc/m68k-apple-macos/16.1.0/../../../../m68k-apple-macos/lib/libc.a(libc_a-memset.o)
                0x00004b84                memset
 */libc.a:*(.text.*)
 .text.atof     0x00004bf6       0x10 /Users/nick/Retro68-build/toolchain/lib/gcc/m68k-apple-macos/16.1.0/../../../../m68k-apple-macos/lib/libc.a(libc_a-atof.o)
                0x00004bf6                atof
 .text.atof.macsbug
                0x00004c06        0x8 /Users/nick/Retro68-build/toolchain/lib/gcc/m68k-apple-macos/16.1.0/../../../../m68k-apple-macos/lib/libc.a(libc_a-atof.o)
 .text.atoi     0x00004c0e       0x16 /Users/nick/Retro68-build/toolchain/lib/gcc/m68k-apple-macos/16.1.0/../../../../m68k-apple-macos/lib/libc.a(libc_a-atoi.o)
                0x00004c0e                atoi
 .text.atoi.macsbug
                0x00004c24        0x8 /Users/nick/Retro68-build/toolchain/lib/gcc/m68k-apple-macos/16.1.0/../../../../m68k-apple-macos/lib/libc.a(libc_a-atoi.o)
 .text.exit     0x00004c2c       0x26 /Users/nick/Retro68-build/toolchain/lib/gcc/m68k-apple-macos/16.1.0/../../../../m68k-apple-macos/lib/libc.a(libc_a-exit.o)
                0x00004c2c                exit
 .text.exit.macsbug
                0x00004c52        0xa /Users/nick/Retro68-build/toolchain/lib/gcc/m68k-apple-macos/16.1.0/../../../../m68k-apple-macos/lib/libc.a(libc_a-exit.o)
 .text._fread_r
                0x00004c5c      0x1c4 /Users/nick/Retro68-build/toolchain/lib/gcc/m68k-apple-macos/16.1.0/../../../../m68k-apple-macos/lib/libc.a(libc_a-fread.o)
                0x00004c5c                _fread_r
 .text._fread_r.macsbug
                0x00004e20        0xc /Users/nick/Retro68-build/toolchain/lib/gcc/m68k-apple-macos/16.1.0/../../../../m68k-apple-macos/lib/libc.a(libc_a-fread.o)
 .text.fread    0x00004e2c       0x22 /Users/nick/Retro68-build/toolchain/lib/gcc/m68k-apple-macos/16.1.0/../../../../m68k-apple-macos/lib/libc.a(libc_a-fread.o)
                0x00004e2c                fread
 .text.fread.macsbug
                0x00004e4e        0x8 /Users/nick/Retro68-build/toolchain/lib/gcc/m68k-apple-macos/16.1.0/../../../../m68k-apple-macos/lib/libc.a(libc_a-fread.o)
 .text._fseek_r
                0x00004e56        0x6 /Users/nick/Retro68-build/toolchain/lib/gcc/m68k-apple-macos/16.1.0/../../../../m68k-apple-macos/lib/libc.a(libc_a-fseek.o)
                0x00004e56                _fseek_r
 .text._fseek_r.macsbug
                0x00004e5c        0xe /Users/nick/Retro68-build/toolchain/lib/gcc/m68k-apple-macos/16.1.0/../../../../m68k-apple-macos/lib/libc.a(libc_a-fseek.o)
 .text.fseek    0x00004e6a       0x1e /Users/nick/Retro68-build/toolchain/lib/gcc/m68k-apple-macos/16.1.0/../../../../m68k-apple-macos/lib/libc.a(libc_a-fseek.o)
                0x00004e6a                fseek
 .text.fseek.macsbug
                0x00004e88        0x8 /Users/nick/Retro68-build/toolchain/lib/gcc/m68k-apple-macos/16.1.0/../../../../m68k-apple-macos/lib/libc.a(libc_a-fseek.o)
 .text.ftell    0x00004e90       0x14 /Users/nick/Retro68-build/toolchain/lib/gcc/m68k-apple-macos/16.1.0/../../../../m68k-apple-macos/lib/libc.a(libc_a-ftell.o)
                0x00004e90                ftell
 .text.ftell.macsbug
                0x00004ea4        0x8 /Users/nick/Retro68-build/toolchain/lib/gcc/m68k-apple-macos/16.1.0/../../../../m68k-apple-macos/lib/libc.a(libc_a-ftell.o)
 .text.fwrite   0x00004eac       0xd6 /Users/nick/Retro68-build/toolchain/lib/gcc/m68k-apple-macos/16.1.0/../../../../m68k-apple-macos/lib/libc.a(libc_a-fwrite.o)
                0x00004eac                fwrite
 .text.fwrite.macsbug
                0x00004f82        0xc /Users/nick/Retro68-build/toolchain/lib/gcc/m68k-apple-macos/16.1.0/../../../../m68k-apple-macos/lib/libc.a(libc_a-fwrite.o)
 .text._strtod_l
                0x00004f8e     0x1b18 /Users/nick/Retro68-build/toolchain/lib/gcc/m68k-apple-macos/16.1.0/../../../../m68k-apple-macos/lib/libc.a(libc_a-strtod.o)
                0x00004f8e                _strtod_l
 .text._strtod_l.macsbug
                0x00006aa6        0xe /Users/nick/Retro68-build/toolchain/lib/gcc/m68k-apple-macos/16.1.0/../../../../m68k-apple-macos/lib/libc.a(libc_a-strtod.o)
 .text._strtod_r
                0x00006ab4       0x1e /Users/nick/Retro68-build/toolchain/lib/gcc/m68k-apple-macos/16.1.0/../../../../m68k-apple-macos/lib/libc.a(libc_a-strtod.o)
                0x00006ab4                _strtod_r
 .text._strtod_r.macsbug
                0x00006ad2        0xc /Users/nick/Retro68-build/toolchain/lib/gcc/m68k-apple-macos/16.1.0/../../../../m68k-apple-macos/lib/libc.a(libc_a-strtod.o)
 .text.strtod   0x00006ade       0x20 /Users/nick/Retro68-build/toolchain/lib/gcc/m68k-apple-macos/16.1.0/../../../../m68k-apple-macos/lib/libc.a(libc_a-strtod.o)
                0x00006ade                strtod
 .text.strtod.macsbug
                0x00006afe        0xa /Users/nick/Retro68-build/toolchain/lib/gcc/m68k-apple-macos/16.1.0/../../../../m68k-apple-macos/lib/libc.a(libc_a-strtod.o)
 .text._strtol_l.isra.0
                0x00006b08      0x2ac /Users/nick/Retro68-build/toolchain/lib/gcc/m68k-apple-macos/16.1.0/../../../../m68k-apple-macos/lib/libc.a(libc_a-strtol.o)
 .text._strtol_l.isra.0.macsbug
                0x00006db4       0x14 /Users/nick/Retro68-build/toolchain/lib/gcc/m68k-apple-macos/16.1.0/../../../../m68k-apple-macos/lib/libc.a(libc_a-strtol.o)
 .text._strtol_r
                0x00006dc8        0x6 /Users/nick/Retro68-build/toolchain/lib/gcc/m68k-apple-macos/16.1.0/../../../../m68k-apple-macos/lib/libc.a(libc_a-strtol.o)
                0x00006dc8                _strtol_r
 .text._strtol_r.macsbug
                0x00006dce        0xe /Users/nick/Retro68-build/toolchain/lib/gcc/m68k-apple-macos/16.1.0/../../../../m68k-apple-macos/lib/libc.a(libc_a-strtol.o)
 .text.strtol   0x00006ddc       0x1e /Users/nick/Retro68-build/toolchain/lib/gcc/m68k-apple-macos/16.1.0/../../../../m68k-apple-macos/lib/libc.a(libc_a-strtol.o)
                0x00006ddc                strtol
 .text.strtol.macsbug
                0x00006dfa        0xa /Users/nick/Retro68-build/toolchain/lib/gcc/m68k-apple-macos/16.1.0/../../../../m68k-apple-macos/lib/libc.a(libc_a-strtol.o)
 .text._strtoul_l.isra.0
                0x00006e04      0x202 /Users/nick/Retro68-build/toolchain/lib/gcc/m68k-apple-macos/16.1.0/../../../../m68k-apple-macos/lib/libc.a(libc_a-strtoul.o)
 .text._strtoul_l.isra.0.macsbug
                0x00007006       0x16 /Users/nick/Retro68-build/toolchain/lib/gcc/m68k-apple-macos/16.1.0/../../../../m68k-apple-macos/lib/libc.a(libc_a-strtoul.o)
 .text._strtoul_r
                0x0000701c        0x6 /Users/nick/Retro68-build/toolchain/lib/gcc/m68k-apple-macos/16.1.0/../../../../m68k-apple-macos/lib/libc.a(libc_a-strtoul.o)
                0x0000701c                _strtoul_r
 .text._strtoul_r.macsbug
                0x00007022       0x10 /Users/nick/Retro68-build/toolchain/lib/gcc/m68k-apple-macos/16.1.0/../../../../m68k-apple-macos/lib/libc.a(libc_a-strtoul.o)
 .text.strtoul  0x00007032       0x1e /Users/nick/Retro68-build/toolchain/lib/gcc/m68k-apple-macos/16.1.0/../../../../m68k-apple-macos/lib/libc.a(libc_a-strtoul.o)
                0x00007032                strtoul
 .text.strtoul.macsbug
                0x00007050        0xa /Users/nick/Retro68-build/toolchain/lib/gcc/m68k-apple-macos/16.1.0/../../../../m68k-apple-macos/lib/libc.a(libc_a-strtoul.o)
 .text.lflush   0x0000705a       0x28 /Users/nick/Retro68-build/toolchain/lib/gcc/m68k-apple-macos/16.1.0/../../../../m68k-apple-macos/lib/libc.a(libc_a-refill.o)
 .text.lflush.macsbug
                0x00007082        0xc /Users/nick/Retro68-build/toolchain/lib/gcc/m68k-apple-macos/16.1.0/../../../../m68k-apple-macos/lib/libc.a(libc_a-refill.o)
 .text.__srefill_r
                0x0000708e      0x1c2 /Users/nick/Retro68-build/toolchain/lib/gcc/m68k-apple-macos/16.1.0/../../../../m68k-apple-macos/lib/libc.a(libc_a-refill.o)
                0x0000708e                __srefill_r
 .text.__srefill_r.macsbug
                0x00007250       0x10 /Users/nick/Retro68-build/toolchain/lib/gcc/m68k-apple-macos/16.1.0/../../../../m68k-apple-macos/lib/libc.a(libc_a-refill.o)
 .text._fclose_r
                0x00007260       0xf6 /Users/nick/Retro68-build/toolchain/lib/gcc/m68k-apple-macos/16.1.0/../../../../m68k-apple-macos/lib/libc.a(libc_a-fclose.o)
                0x00007260                _fclose_r
 .text._fclose_r.macsbug
                0x00007356        0xe /Users/nick/Retro68-build/toolchain/lib/gcc/m68k-apple-macos/16.1.0/../../../../m68k-apple-macos/lib/libc.a(libc_a-fclose.o)
 .text.fclose   0x00007364       0x14 /Users/nick/Retro68-build/toolchain/lib/gcc/m68k-apple-macos/16.1.0/../../../../m68k-apple-macos/lib/libc.a(libc_a-fclose.o)
                0x00007364                fclose
 .text.fclose.macsbug
                0x00007378        0xa /Users/nick/Retro68-build/toolchain/lib/gcc/m68k-apple-macos/16.1.0/../../../../m68k-apple-macos/lib/libc.a(libc_a-fclose.o)
 .text.__sflush_r
                0x00007382      0x1c8 /Users/nick/Retro68-build/toolchain/lib/gcc/m68k-apple-macos/16.1.0/../../../../m68k-apple-macos/lib/libc.a(libc_a-fflush.o)
                0x00007382                __sflush_r
 .text.__sflush_r.macsbug
                0x0000754a        0xe /Users/nick/Retro68-build/toolchain/lib/gcc/m68k-apple-macos/16.1.0/../../../../m68k-apple-macos/lib/libc.a(libc_a-fflush.o)
 .text._fflush_r
                0x00007558       0x4c /Users/nick/Retro68-build/toolchain/lib/gcc/m68k-apple-macos/16.1.0/../../../../m68k-apple-macos/lib/libc.a(libc_a-fflush.o)
                0x00007558                _fflush_r
 .text._fflush_r.macsbug
                0x000075a4        0xe /Users/nick/Retro68-build/toolchain/lib/gcc/m68k-apple-macos/16.1.0/../../../../m68k-apple-macos/lib/libc.a(libc_a-fflush.o)
 .text.fflush   0x000075b2       0x7a /Users/nick/Retro68-build/toolchain/lib/gcc/m68k-apple-macos/16.1.0/../../../../m68k-apple-macos/lib/libc.a(libc_a-fflush.o)
                0x000075b2                fflush
 .text.fflush.macsbug
                0x0000762c        0xa /Users/nick/Retro68-build/toolchain/lib/gcc/m68k-apple-macos/16.1.0/../../../../m68k-apple-macos/lib/libc.a(libc_a-fflush.o)
 .text._fgets_r
                0x00007636       0xf6 /Users/nick/Retro68-build/toolchain/lib/gcc/m68k-apple-macos/16.1.0/../../../../m68k-apple-macos/lib/libc.a(libc_a-fgets.o)
                0x00007636                _fgets_r
 .text._fgets_r.macsbug
                0x0000772c        0xc /Users/nick/Retro68-build/toolchain/lib/gcc/m68k-apple-macos/16.1.0/../../../../m68k-apple-macos/lib/libc.a(libc_a-fgets.o)
 .text.fgets    0x00007738       0x1e /Users/nick/Retro68-build/toolchain/lib/gcc/m68k-apple-macos/16.1.0/../../../../m68k-apple-macos/lib/libc.a(libc_a-fgets.o)
                0x00007738                fgets
 .text.fgets.macsbug
                0x00007756        0x8 /Users/nick/Retro68-build/toolchain/lib/gcc/m68k-apple-macos/16.1.0/../../../../m68k-apple-macos/lib/libc.a(libc_a-fgets.o)
 .text.fileno   0x0000775e       0x4a /Users/nick/Retro68-build/toolchain/lib/gcc/m68k-apple-macos/16.1.0/../../../../m68k-apple-macos/lib/libc.a(libc_a-fileno.o)
                0x0000775e                fileno
 .text.fileno.macsbug
                0x000077a8        0xa /Users/nick/Retro68-build/toolchain/lib/gcc/m68k-apple-macos/16.1.0/../../../../m68k-apple-macos/lib/libc.a(libc_a-fileno.o)
 .text.stdio_exit_handler
                0x000077b2       0x1e /Users/nick/Retro68-build/toolchain/lib/gcc/m68k-apple-macos/16.1.0/../../../../m68k-apple-macos/lib/libc.a(libc_a-findfp.o)
 .text.stdio_exit_handler.macsbug
                0x000077d0       0x16 /Users/nick/Retro68-build/toolchain/lib/gcc/m68k-apple-macos/16.1.0/../../../../m68k-apple-macos/lib/libc.a(libc_a-findfp.o)
 .text.cleanup_stdio
                0x000077e6       0x52 /Users/nick/Retro68-build/toolchain/lib/gcc/m68k-apple-macos/16.1.0/../../../../m68k-apple-macos/lib/libc.a(libc_a-findfp.o)
 .text.cleanup_stdio.macsbug
                0x00007838       0x10 /Users/nick/Retro68-build/toolchain/lib/gcc/m68k-apple-macos/16.1.0/../../../../m68k-apple-macos/lib/libc.a(libc_a-findfp.o)
 .text.global_stdio_init.part.0
                0x00007848      0x176 /Users/nick/Retro68-build/toolchain/lib/gcc/m68k-apple-macos/16.1.0/../../../../m68k-apple-macos/lib/libc.a(libc_a-findfp.o)
 .text.global_stdio_init.part.0.macsbug
                0x000079be       0x1c /Users/nick/Retro68-build/toolchain/lib/gcc/m68k-apple-macos/16.1.0/../../../../m68k-apple-macos/lib/libc.a(libc_a-findfp.o)
 .text.__sfp    0x000079da      0x104 /Users/nick/Retro68-build/toolchain/lib/gcc/m68k-apple-macos/16.1.0/../../../../m68k-apple-macos/lib/libc.a(libc_a-findfp.o)
                0x000079da                __sfp
 .text.__sfp.macsbug
                0x00007ade        0x8 /Users/nick/Retro68-build/toolchain/lib/gcc/m68k-apple-macos/16.1.0/../../../../m68k-apple-macos/lib/libc.a(libc_a-findfp.o)
 .text.__sinit  0x00007ae6       0x22 /Users/nick/Retro68-build/toolchain/lib/gcc/m68k-apple-macos/16.1.0/../../../../m68k-apple-macos/lib/libc.a(libc_a-findfp.o)
                0x00007ae6                __sinit
 .text.__sinit.macsbug
                0x00007b08        0xc /Users/nick/Retro68-build/toolchain/lib/gcc/m68k-apple-macos/16.1.0/../../../../m68k-apple-macos/lib/libc.a(libc_a-findfp.o)
 .text.__sfp_lock_acquire
                0x00007b14        0x2 /Users/nick/Retro68-build/toolchain/lib/gcc/m68k-apple-macos/16.1.0/../../../../m68k-apple-macos/lib/libc.a(libc_a-findfp.o)
                0x00007b14                __sfp_lock_acquire
 .text.__sfp_lock_acquire.macsbug
                0x00007b16       0x16 /Users/nick/Retro68-build/toolchain/lib/gcc/m68k-apple-macos/16.1.0/../../../../m68k-apple-macos/lib/libc.a(libc_a-findfp.o)
 .text.__sfp_lock_release
                0x00007b2c        0x2 /Users/nick/Retro68-build/toolchain/lib/gcc/m68k-apple-macos/16.1.0/../../../../m68k-apple-macos/lib/libc.a(libc_a-findfp.o)
                0x00007b2c                __sfp_lock_release
 .text.__sfp_lock_release.macsbug
                0x00007b2e       0x16 /Users/nick/Retro68-build/toolchain/lib/gcc/m68k-apple-macos/16.1.0/../../../../m68k-apple-macos/lib/libc.a(libc_a-findfp.o)
 .text._fopen_r
                0x00007b44       0xda /Users/nick/Retro68-build/toolchain/lib/gcc/m68k-apple-macos/16.1.0/../../../../m68k-apple-macos/lib/libc.a(libc_a-fopen.o)
                0x00007b44                _fopen_r
 .text._fopen_r.macsbug
                0x00007c1e        0xc /Users/nick/Retro68-build/toolchain/lib/gcc/m68k-apple-macos/16.1.0/../../../../m68k-apple-macos/lib/libc.a(libc_a-fopen.o)
 .text.fopen    0x00007c2a       0x1a /Users/nick/Retro68-build/toolchain/lib/gcc/m68k-apple-macos/16.1.0/../../../../m68k-apple-macos/lib/libc.a(libc_a-fopen.o)
                0x00007c2a                fopen
 .text.fopen.macsbug
                0x00007c44        0x8 /Users/nick/Retro68-build/toolchain/lib/gcc/m68k-apple-macos/16.1.0/../../../../m68k-apple-macos/lib/libc.a(libc_a-fopen.o)
 .text.fprintf  0x00007c4c       0x24 /Users/nick/Retro68-build/toolchain/lib/gcc/m68k-apple-macos/16.1.0/../../../../m68k-apple-macos/lib/libc.a(libc_a-fprintf.o)
                0x00007c4c                fprintf
 .text.fprintf.macsbug
                0x00007c70        0xa /Users/nick/Retro68-build/toolchain/lib/gcc/m68k-apple-macos/16.1.0/../../../../m68k-apple-macos/lib/libc.a(libc_a-fprintf.o)
 .text.vsnprintf
                0x00007c7a       0x96 /Users/nick/Retro68-build/toolchain/lib/gcc/m68k-apple-macos/16.1.0/../../../../m68k-apple-macos/lib/libc.a(libc_a-vsnprintf.o)
                0x00007c7a                vsnprintf
 .text.vsnprintf.macsbug
                0x00007d10        0xc /Users/nick/Retro68-build/toolchain/lib/gcc/m68k-apple-macos/16.1.0/../../../../m68k-apple-macos/lib/libc.a(libc_a-vsnprintf.o)
 .text.vsscanf  0x00007d1c       0x66 /Users/nick/Retro68-build/toolchain/lib/gcc/m68k-apple-macos/16.1.0/../../../../m68k-apple-macos/lib/libc.a(libc_a-vsscanf.o)
                0x00007d1c                vsscanf
 .text.vsscanf.macsbug
                0x00007d82        0xa /Users/nick/Retro68-build/toolchain/lib/gcc/m68k-apple-macos/16.1.0/../../../../m68k-apple-macos/lib/libc.a(libc_a-vsscanf.o)
 .text._fseeko_r
                0x00007d8c      0x4bc /Users/nick/Retro68-build/toolchain/lib/gcc/m68k-apple-macos/16.1.0/../../../../m68k-apple-macos/lib/libc.a(libc_a-fseeko.o)
                0x00007d8c                _fseeko_r
 .text._fseeko_r.macsbug
                0x00008248        0xe /Users/nick/Retro68-build/toolchain/lib/gcc/m68k-apple-macos/16.1.0/../../../../m68k-apple-macos/lib/libc.a(libc_a-fseeko.o)
 .text._ftello_r
                0x00008256       0xee /Users/nick/Retro68-build/toolchain/lib/gcc/m68k-apple-macos/16.1.0/../../../../m68k-apple-macos/lib/libc.a(libc_a-ftello.o)
                0x00008256                _ftello_r
 .text._ftello_r.macsbug
                0x00008344        0xc /Users/nick/Retro68-build/toolchain/lib/gcc/m68k-apple-macos/16.1.0/../../../../m68k-apple-macos/lib/libc.a(libc_a-ftello.o)
 .text.memchr   0x00008350       0x9e /Users/nick/Retro68-build/toolchain/lib/gcc/m68k-apple-macos/16.1.0/../../../../m68k-apple-macos/lib/libc.a(libc_a-memchr.o)
                0x00008350                memchr
 .text.memchr.macsbug
                0x000083ee        0xa /Users/nick/Retro68-build/toolchain/lib/gcc/m68k-apple-macos/16.1.0/../../../../m68k-apple-macos/lib/libc.a(libc_a-memchr.o)
 .text.memmove  0x000083f8      0x190 /Users/nick/Retro68-build/toolchain/lib/gcc/m68k-apple-macos/16.1.0/../../../../m68k-apple-macos/lib/libc.a(libc_a-memmove.o)
                0x000083f8                memmove
 .text.memmove.macsbug
                0x00008588        0xc /Users/nick/Retro68-build/toolchain/lib/gcc/m68k-apple-macos/16.1.0/../../../../m68k-apple-macos/lib/libc.a(libc_a-memmove.o)
 .text.strchr   0x00008594       0xfa /Users/nick/Retro68-build/toolchain/lib/gcc/m68k-apple-macos/16.1.0/../../../../m68k-apple-macos/lib/libc.a(libc_a-strchr.o)
                0x00008594                strchr
 .text.strchr.macsbug
                0x0000868e        0xc /Users/nick/Retro68-build/toolchain/lib/gcc/m68k-apple-macos/16.1.0/../../../../m68k-apple-macos/lib/libc.a(libc_a-strchr.o)
 .text.strcmp   0x0000869a       0x68 /Users/nick/Retro68-build/toolchain/lib/gcc/m68k-apple-macos/16.1.0/../../../../m68k-apple-macos/lib/libc.a(libc_a-strcmp.o)
                0x0000869a                strcmp
 .text.strcmp.macsbug
                0x00008702        0xa /Users/nick/Retro68-build/toolchain/lib/gcc/m68k-apple-macos/16.1.0/../../../../m68k-apple-macos/lib/libc.a(libc_a-strcmp.o)
 .text._strerror_r
                0x0000870c      0x406 /Users/nick/Retro68-build/toolchain/lib/gcc/m68k-apple-macos/16.1.0/../../../../m68k-apple-macos/lib/libc.a(libc_a-strerror.o)
                0x0000870c                _strerror_r
 .text._strerror_r.macsbug
                0x00008b12       0x10 /Users/nick/Retro68-build/toolchain/lib/gcc/m68k-apple-macos/16.1.0/../../../../m68k-apple-macos/lib/libc.a(libc_a-strerror.o)
 .text.strerror
                0x00008b22       0x1a /Users/nick/Retro68-build/toolchain/lib/gcc/m68k-apple-macos/16.1.0/../../../../m68k-apple-macos/lib/libc.a(libc_a-strerror.o)
                0x00008b22                strerror
 .text.strerror.macsbug
                0x00008b3c        0xc /Users/nick/Retro68-build/toolchain/lib/gcc/m68k-apple-macos/16.1.0/../../../../m68k-apple-macos/lib/libc.a(libc_a-strerror.o)
 .text.strncmp  0x00008b48       0x9e /Users/nick/Retro68-build/toolchain/lib/gcc/m68k-apple-macos/16.1.0/../../../../m68k-apple-macos/lib/libc.a(libc_a-strncmp.o)
                0x00008b48                strncmp
 .text.strncmp.macsbug
                0x00008be6        0xc /Users/nick/Retro68-build/toolchain/lib/gcc/m68k-apple-macos/16.1.0/../../../../m68k-apple-macos/lib/libc.a(libc_a-strncmp.o)
 .text.strrchr  0x00008bf2       0x54 /Users/nick/Retro68-build/toolchain/lib/gcc/m68k-apple-macos/16.1.0/../../../../m68k-apple-macos/lib/libc.a(libc_a-strrchr.o)
                0x00008bf2                strrchr
 .text.strrchr.macsbug
                0x00008c46        0xc /Users/nick/Retro68-build/toolchain/lib/gcc/m68k-apple-macos/16.1.0/../../../../m68k-apple-macos/lib/libc.a(libc_a-strrchr.o)
 .text.critical_factorization
                0x00008c52      0x11a /Users/nick/Retro68-build/toolchain/lib/gcc/m68k-apple-macos/16.1.0/../../../../m68k-apple-macos/lib/libc.a(libc_a-strstr.o)
 .text.critical_factorization.macsbug
                0x00008d6c       0x1c /Users/nick/Retro68-build/toolchain/lib/gcc/m68k-apple-macos/16.1.0/../../../../m68k-apple-macos/lib/libc.a(libc_a-strstr.o)
 .text.two_way_long_needle
                0x00008d88      0x2c6 /Users/nick/Retro68-build/toolchain/lib/gcc/m68k-apple-macos/16.1.0/../../../../m68k-apple-macos/lib/libc.a(libc_a-strstr.o)
 .text.two_way_long_needle.macsbug
                0x0000904e       0x18 /Users/nick/Retro68-build/toolchain/lib/gcc/m68k-apple-macos/16.1.0/../../../../m68k-apple-macos/lib/libc.a(libc_a-strstr.o)
 .text.strstr   0x00009066      0x2a6 /Users/nick/Retro68-build/toolchain/lib/gcc/m68k-apple-macos/16.1.0/../../../../m68k-apple-macos/lib/libc.a(libc_a-strstr.o)
                0x00009066                strstr
 .text.strstr.macsbug
                0x0000930c        0xa /Users/nick/Retro68-build/toolchain/lib/gcc/m68k-apple-macos/16.1.0/../../../../m68k-apple-macos/lib/libc.a(libc_a-strstr.o)
 .text._user_strerror
                0x00009316        0x4 /Users/nick/Retro68-build/toolchain/lib/gcc/m68k-apple-macos/16.1.0/../../../../m68k-apple-macos/lib/libc.a(libc_a-u_strerr.o)
                0x00009316                _user_strerror
 .text._user_strerror.macsbug
                0x0000931a       0x12 /Users/nick/Retro68-build/toolchain/lib/gcc/m68k-apple-macos/16.1.0/../../../../m68k-apple-macos/lib/libc.a(libc_a-u_strerr.o)
 .text.raise    0x0000932c       0x86 /Users/nick/Retro68-build/toolchain/lib/gcc/m68k-apple-macos/16.1.0/../../../../m68k-apple-macos/lib/libc.a(libc_a-signal.o)
                0x0000932c                raise
 .text.raise.macsbug
                0x000093b2        0x8 /Users/nick/Retro68-build/toolchain/lib/gcc/m68k-apple-macos/16.1.0/../../../../m68k-apple-macos/lib/libc.a(libc_a-signal.o)
 .text.signal   0x000093ba       0x6e /Users/nick/Retro68-build/toolchain/lib/gcc/m68k-apple-macos/16.1.0/../../../../m68k-apple-macos/lib/libc.a(libc_a-signal.o)
                0x000093ba                signal
 .text.signal.macsbug
                0x00009428        0xc /Users/nick/Retro68-build/toolchain/lib/gcc/m68k-apple-macos/16.1.0/../../../../m68k-apple-macos/lib/libc.a(libc_a-signal.o)
 .text.__locale_mb_cur_max
                0x00009434        0xc /Users/nick/Retro68-build/toolchain/lib/gcc/m68k-apple-macos/16.1.0/../../../../m68k-apple-macos/lib/libc.a(libc_a-locale.o)
                0x00009434                __locale_mb_cur_max
 .text.__locale_mb_cur_max.macsbug
                0x00009440       0x16 /Users/nick/Retro68-build/toolchain/lib/gcc/m68k-apple-macos/16.1.0/../../../../m68k-apple-macos/lib/libc.a(libc_a-locale.o)
 .text.write    0x00009456       0x1e /Users/nick/Retro68-build/toolchain/lib/gcc/m68k-apple-macos/16.1.0/../../../../m68k-apple-macos/lib/libc.a(libc_a-syswrite.o)
                0x00009456                write
 .text.write.macsbug
                0x00009474        0x8 /Users/nick/Retro68-build/toolchain/lib/gcc/m68k-apple-macos/16.1.0/../../../../m68k-apple-macos/lib/libc.a(libc_a-syswrite.o)
 .text._strtoll_l.isra.0
                0x0000947c      0x360 /Users/nick/Retro68-build/toolchain/lib/gcc/m68k-apple-macos/16.1.0/../../../../m68k-apple-macos/lib/libc.a(libc_a-strtoll.o)
 .text._strtoll_l.isra.0.macsbug
                0x000097dc       0x16 /Users/nick/Retro68-build/toolchain/lib/gcc/m68k-apple-macos/16.1.0/../../../../m68k-apple-macos/lib/libc.a(libc_a-strtoll.o)
 .text.strtoll  0x000097f2       0x1e /Users/nick/Retro68-build/toolchain/lib/gcc/m68k-apple-macos/16.1.0/../../../../m68k-apple-macos/lib/libc.a(libc_a-strtoll.o)
                0x000097f2                strtoll
 .text.strtoll.macsbug
                0x00009810        0xa /Users/nick/Retro68-build/toolchain/lib/gcc/m68k-apple-macos/16.1.0/../../../../m68k-apple-macos/lib/libc.a(libc_a-strtoll.o)
 .text._strtoull_l.isra.0
                0x0000981a      0x2b6 /Users/nick/Retro68-build/toolchain/lib/gcc/m68k-apple-macos/16.1.0/../../../../m68k-apple-macos/lib/libc.a(libc_a-strtoull.o)
 .text._strtoull_l.isra.0.macsbug
                0x00009ad0       0x18 /Users/nick/Retro68-build/toolchain/lib/gcc/m68k-apple-macos/16.1.0/../../../../m68k-apple-macos/lib/libc.a(libc_a-strtoull.o)
 .text.strtoull
                0x00009ae8       0x1e /Users/nick/Retro68-build/toolchain/lib/gcc/m68k-apple-macos/16.1.0/../../../../m68k-apple-macos/lib/libc.a(libc_a-strtoull.o)
                0x00009ae8                strtoull
 .text.strtoull.macsbug
                0x00009b06        0xc /Users/nick/Retro68-build/toolchain/lib/gcc/m68k-apple-macos/16.1.0/../../../../m68k-apple-macos/lib/libc.a(libc_a-strtoull.o)
 .text.__errno  0x00009b12        0x8 /Users/nick/Retro68-build/toolchain/lib/gcc/m68k-apple-macos/16.1.0/../../../../m68k-apple-macos/lib/libc.a(libc_a-errno.o)
                0x00009b12                __errno
 .text.__errno.macsbug
                0x00009b1a        0xa /Users/nick/Retro68-build/toolchain/lib/gcc/m68k-apple-macos/16.1.0/../../../../m68k-apple-macos/lib/libc.a(libc_a-errno.o)
 .text.strlen   0x00009b24       0x14 /Users/nick/Retro68-build/toolchain/lib/gcc/m68k-apple-macos/16.1.0/../../../../m68k-apple-macos/lib/libc.a(libc_a-strlen.o)
                0x00009b24                strlen
 .text.strlen.macsbug
                0x00009b38        0xa /Users/nick/Retro68-build/toolchain/lib/gcc/m68k-apple-macos/16.1.0/../../../../m68k-apple-macos/lib/libc.a(libc_a-strlen.o)
 .text.close    0x00009b42       0x14 /Users/nick/Retro68-build/toolchain/lib/gcc/m68k-apple-macos/16.1.0/../../../../m68k-apple-macos/lib/libc.a(libc_a-sysclose.o)
                0x00009b42                close
 .text.close.macsbug
                0x00009b56        0x8 /Users/nick/Retro68-build/toolchain/lib/gcc/m68k-apple-macos/16.1.0/../../../../m68k-apple-macos/lib/libc.a(libc_a-sysclose.o)
 .text.fstat    0x00009b5e       0x1a /Users/nick/Retro68-build/toolchain/lib/gcc/m68k-apple-macos/16.1.0/../../../../m68k-apple-macos/lib/libc.a(libc_a-sysfstat.o)
                0x00009b5e                fstat
 .text.fstat.macsbug
                0x00009b78        0x8 /Users/nick/Retro68-build/toolchain/lib/gcc/m68k-apple-macos/16.1.0/../../../../m68k-apple-macos/lib/libc.a(libc_a-sysfstat.o)
 .text.gettimeofday
                0x00009b80       0x1a /Users/nick/Retro68-build/toolchain/lib/gcc/m68k-apple-macos/16.1.0/../../../../m68k-apple-macos/lib/libc.a(libc_a-sysgettod.o)
                0x00009b80                gettimeofday
 .text.gettimeofday.macsbug
                0x00009b9a       0x10 /Users/nick/Retro68-build/toolchain/lib/gcc/m68k-apple-macos/16.1.0/../../../../m68k-apple-macos/lib/libc.a(libc_a-sysgettod.o)
 .text.lseek    0x00009baa       0x1e /Users/nick/Retro68-build/toolchain/lib/gcc/m68k-apple-macos/16.1.0/../../../../m68k-apple-macos/lib/libc.a(libc_a-syslseek.o)
                0x00009baa                lseek
 .text.lseek.macsbug
                0x00009bc8        0x8 /Users/nick/Retro68-build/toolchain/lib/gcc/m68k-apple-macos/16.1.0/../../../../m68k-apple-macos/lib/libc.a(libc_a-syslseek.o)
 .text.read     0x00009bd0       0x1e /Users/nick/Retro68-build/toolchain/lib/gcc/m68k-apple-macos/16.1.0/../../../../m68k-apple-macos/lib/libc.a(libc_a-sysread.o)
                0x00009bd0                read
 .text.read.macsbug
                0x00009bee        0x8 /Users/nick/Retro68-build/toolchain/lib/gcc/m68k-apple-macos/16.1.0/../../../../m68k-apple-macos/lib/libc.a(libc_a-sysread.o)
 .text.stat     0x00009bf6       0x1a /Users/nick/Retro68-build/toolchain/lib/gcc/m68k-apple-macos/16.1.0/../../../../m68k-apple-macos/lib/libc.a(libc_a-sysstat.o)
                0x00009bf6                stat
 .text.stat.macsbug
                0x00009c10        0x8 /Users/nick/Retro68-build/toolchain/lib/gcc/m68k-apple-macos/16.1.0/../../../../m68k-apple-macos/lib/libc.a(libc_a-sysstat.o)
 .text.nanf     0x00009c18        0x8 /Users/nick/Retro68-build/toolchain/lib/gcc/m68k-apple-macos/16.1.0/../../../../m68k-apple-macos/lib/libc.a(libm_a-sf_nan.o)
                0x00009c18                nanf
 .text.nanf.macsbug
                0x00009c20        0x8 /Users/nick/Retro68-build/toolchain/lib/gcc/m68k-apple-macos/16.1.0/../../../../m68k-apple-macos/lib/libc.a(libm_a-sf_nan.o)
 .text.__call_exitprocs
                0x00009c28       0xfa /Users/nick/Retro68-build/toolchain/lib/gcc/m68k-apple-macos/16.1.0/../../../../m68k-apple-macos/lib/libc.a(libc_a-__call_atexit.o)
                0x00009c28                __call_exitprocs
 .text.__call_exitprocs.macsbug
                0x00009d22       0x16 /Users/nick/Retro68-build/toolchain/lib/gcc/m68k-apple-macos/16.1.0/../../../../m68k-apple-macos/lib/libc.a(libc_a-__call_atexit.o)
 .text.rshift   0x00009d38       0xd8 /Users/nick/Retro68-build/toolchain/lib/gcc/m68k-apple-macos/16.1.0/../../../../m68k-apple-macos/lib/libc.a(libc_a-gdtoa-gethex.o)
 .text.rshift.macsbug
                0x00009e10        0xa /Users/nick/Retro68-build/toolchain/lib/gcc/m68k-apple-macos/16.1.0/../../../../m68k-apple-macos/lib/libc.a(libc_a-gdtoa-gethex.o)
 .text.__gethex
                0x00009e1a      0x974 /Users/nick/Retro68-build/toolchain/lib/gcc/m68k-apple-macos/16.1.0/../../../../m68k-apple-macos/lib/libc.a(libc_a-gdtoa-gethex.o)
                0x00009e1a                __gethex
 .text.__gethex.macsbug
                0x0000a78e        0xe /Users/nick/Retro68-build/toolchain/lib/gcc/m68k-apple-macos/16.1.0/../../../../m68k-apple-macos/lib/libc.a(libc_a-gdtoa-gethex.o)
 .text.__match  0x0000a79c       0x4c /Users/nick/Retro68-build/toolchain/lib/gcc/m68k-apple-macos/16.1.0/../../../../m68k-apple-macos/lib/libc.a(libc_a-gdtoa-hexnan.o)
                0x0000a79c                __match
 .text.__match.macsbug
                0x0000a7e8        0xa /Users/nick/Retro68-build/toolchain/lib/gcc/m68k-apple-macos/16.1.0/../../../../m68k-apple-macos/lib/libc.a(libc_a-gdtoa-hexnan.o)
 .text.__hexnan
                0x0000a7f2      0x23e /Users/nick/Retro68-build/toolchain/lib/gcc/m68k-apple-macos/16.1.0/../../../../m68k-apple-macos/lib/libc.a(libc_a-gdtoa-hexnan.o)
                0x0000a7f2                __hexnan
 .text.__hexnan.macsbug
                0x0000aa30        0xe /Users/nick/Retro68-build/toolchain/lib/gcc/m68k-apple-macos/16.1.0/../../../../m68k-apple-macos/lib/libc.a(libc_a-gdtoa-hexnan.o)
 .text.__ascii_mbtowc
                0x0000aa3e       0x44 /Users/nick/Retro68-build/toolchain/lib/gcc/m68k-apple-macos/16.1.0/../../../../m68k-apple-macos/lib/libc.a(libc_a-mbtowc_r.o)
                0x0000aa3e                __ascii_mbtowc
 .text.__ascii_mbtowc.macsbug
                0x0000aa82       0x12 /Users/nick/Retro68-build/toolchain/lib/gcc/m68k-apple-macos/16.1.0/../../../../m68k-apple-macos/lib/libc.a(libc_a-mbtowc_r.o)
 .text._svfprintf_r
                0x0000aa94     0x265c /Users/nick/Retro68-build/toolchain/lib/gcc/m68k-apple-macos/16.1.0/../../../../m68k-apple-macos/lib/libc.a(libc_a-svfprintf.o)
                0x0000aa94                _svfprintf_r
 .text._svfprintf_r.macsbug
                0x0000d0f0       0x12 /Users/nick/Retro68-build/toolchain/lib/gcc/m68k-apple-macos/16.1.0/../../../../m68k-apple-macos/lib/libc.a(libc_a-svfprintf.o)
 .text.__ssvfscanf_r
                0x0000d102     0x1922 /Users/nick/Retro68-build/toolchain/lib/gcc/m68k-apple-macos/16.1.0/../../../../m68k-apple-macos/lib/libc.a(libc_a-svfscanf.o)
                0x0000d102                __ssvfscanf_r
 .text.__ssvfscanf_r.macsbug
                0x0000ea24       0x12 /Users/nick/Retro68-build/toolchain/lib/gcc/m68k-apple-macos/16.1.0/../../../../m68k-apple-macos/lib/libc.a(libc_a-svfscanf.o)
 .text._vfprintf_r
                0x0000ea36     0x268e /Users/nick/Retro68-build/toolchain/lib/gcc/m68k-apple-macos/16.1.0/../../../../m68k-apple-macos/lib/libc.a(libc_a-vfprintf.o)
                0x0000ea36                _vfprintf_r
 .text._vfprintf_r.macsbug
                0x000110c4       0x10 /Users/nick/Retro68-build/toolchain/lib/gcc/m68k-apple-macos/16.1.0/../../../../m68k-apple-macos/lib/libc.a(libc_a-vfprintf.o)
 .text.__sbprintf
                0x000110d4       0xa8 /Users/nick/Retro68-build/toolchain/lib/gcc/m68k-apple-macos/16.1.0/../../../../m68k-apple-macos/lib/libc.a(libc_a-vfprintf.o)
 .text.__sbprintf.macsbug
                0x0001117c       0x10 /Users/nick/Retro68-build/toolchain/lib/gcc/m68k-apple-macos/16.1.0/../../../../m68k-apple-macos/lib/libc.a(libc_a-vfprintf.o)
 .text.__sfvwrite_r
                0x0001118c      0x3aa /Users/nick/Retro68-build/toolchain/lib/gcc/m68k-apple-macos/16.1.0/../../../../m68k-apple-macos/lib/libc.a(libc_a-fvwrite.o)
                0x0001118c                __sfvwrite_r
 .text.__sfvwrite_r.macsbug
                0x00011536       0x12 /Users/nick/Retro68-build/toolchain/lib/gcc/m68k-apple-macos/16.1.0/../../../../m68k-apple-macos/lib/libc.a(libc_a-fvwrite.o)
 .text._Balloc  0x00011548       0xac /Users/nick/Retro68-build/toolchain/lib/gcc/m68k-apple-macos/16.1.0/../../../../m68k-apple-macos/lib/libc.a(libc_a-mprec.o)
                0x00011548                _Balloc
 .text._Balloc.macsbug
                0x000115f4        0xc /Users/nick/Retro68-build/toolchain/lib/gcc/m68k-apple-macos/16.1.0/../../../../m68k-apple-macos/lib/libc.a(libc_a-mprec.o)
 .text._Bfree   0x00011600       0x24 /Users/nick/Retro68-build/toolchain/lib/gcc/m68k-apple-macos/16.1.0/../../../../m68k-apple-macos/lib/libc.a(libc_a-mprec.o)
                0x00011600                _Bfree
 .text._Bfree.macsbug
                0x00011624        0xa /Users/nick/Retro68-build/toolchain/lib/gcc/m68k-apple-macos/16.1.0/../../../../m68k-apple-macos/lib/libc.a(libc_a-mprec.o)
 .text.__multadd
                0x0001162e       0xfe /Users/nick/Retro68-build/toolchain/lib/gcc/m68k-apple-macos/16.1.0/../../../../m68k-apple-macos/lib/libc.a(libc_a-mprec.o)
                0x0001162e                __multadd
 .text.__multadd.macsbug
                0x0001172c        0xe /Users/nick/Retro68-build/toolchain/lib/gcc/m68k-apple-macos/16.1.0/../../../../m68k-apple-macos/lib/libc.a(libc_a-mprec.o)
 .text.__s2b    0x0001173a       0xe4 /Users/nick/Retro68-build/toolchain/lib/gcc/m68k-apple-macos/16.1.0/../../../../m68k-apple-macos/lib/libc.a(libc_a-mprec.o)
                0x0001173a                __s2b
 .text.__s2b.macsbug
                0x0001181e        0xa /Users/nick/Retro68-build/toolchain/lib/gcc/m68k-apple-macos/16.1.0/../../../../m68k-apple-macos/lib/libc.a(libc_a-mprec.o)
 .text.__hi0bits
                0x00011828       0x6c /Users/nick/Retro68-build/toolchain/lib/gcc/m68k-apple-macos/16.1.0/../../../../m68k-apple-macos/lib/libc.a(libc_a-mprec.o)
                0x00011828                __hi0bits
 .text.__hi0bits.macsbug
                0x00011894        0xc /Users/nick/Retro68-build/toolchain/lib/gcc/m68k-apple-macos/16.1.0/../../../../m68k-apple-macos/lib/libc.a(libc_a-mprec.o)
 .text.__lo0bits
                0x000118a0       0x98 /Users/nick/Retro68-build/toolchain/lib/gcc/m68k-apple-macos/16.1.0/../../../../m68k-apple-macos/lib/libc.a(libc_a-mprec.o)
                0x000118a0                __lo0bits
 .text.__lo0bits.macsbug
                0x00011938        0xe /Users/nick/Retro68-build/toolchain/lib/gcc/m68k-apple-macos/16.1.0/../../../../m68k-apple-macos/lib/libc.a(libc_a-mprec.o)
 .text.__i2b    0x00011946       0xa4 /Users/nick/Retro68-build/toolchain/lib/gcc/m68k-apple-macos/16.1.0/../../../../m68k-apple-macos/lib/libc.a(libc_a-mprec.o)
                0x00011946                __i2b
 .text.__i2b.macsbug
                0x000119ea        0x8 /Users/nick/Retro68-build/toolchain/lib/gcc/m68k-apple-macos/16.1.0/../../../../m68k-apple-macos/lib/libc.a(libc_a-mprec.o)
 .text.__multiply
                0x000119f2      0x1d8 /Users/nick/Retro68-build/toolchain/lib/gcc/m68k-apple-macos/16.1.0/../../../../m68k-apple-macos/lib/libc.a(libc_a-mprec.o)
                0x000119f2                __multiply
 .text.__multiply.macsbug
                0x00011bca       0x10 /Users/nick/Retro68-build/toolchain/lib/gcc/m68k-apple-macos/16.1.0/../../../../m68k-apple-macos/lib/libc.a(libc_a-mprec.o)
 .text.__pow5mult
                0x00011bda      0x10a /Users/nick/Retro68-build/toolchain/lib/gcc/m68k-apple-macos/16.1.0/../../../../m68k-apple-macos/lib/libc.a(libc_a-mprec.o)
                0x00011bda                __pow5mult
 .text.__pow5mult.macsbug
                0x00011ce4       0x10 /Users/nick/Retro68-build/toolchain/lib/gcc/m68k-apple-macos/16.1.0/../../../../m68k-apple-macos/lib/libc.a(libc_a-mprec.o)
 .text.__lshift
                0x00011cf4       0xfc /Users/nick/Retro68-build/toolchain/lib/gcc/m68k-apple-macos/16.1.0/../../../../m68k-apple-macos/lib/libc.a(libc_a-mprec.o)
                0x00011cf4                __lshift
 .text.__lshift.macsbug
                0x00011df0        0xe /Users/nick/Retro68-build/toolchain/lib/gcc/m68k-apple-macos/16.1.0/../../../../m68k-apple-macos/lib/libc.a(libc_a-mprec.o)
 .text.__mcmp   0x00011dfe       0x4c /Users/nick/Retro68-build/toolchain/lib/gcc/m68k-apple-macos/16.1.0/../../../../m68k-apple-macos/lib/libc.a(libc_a-mprec.o)
                0x00011dfe                __mcmp
 .text.__mcmp.macsbug
                0x00011e4a        0xa /Users/nick/Retro68-build/toolchain/lib/gcc/m68k-apple-macos/16.1.0/../../../../m68k-apple-macos/lib/libc.a(libc_a-mprec.o)
 .text.__mdiff  0x00011e54      0x1e8 /Users/nick/Retro68-build/toolchain/lib/gcc/m68k-apple-macos/16.1.0/../../../../m68k-apple-macos/lib/libc.a(libc_a-mprec.o)
                0x00011e54                __mdiff
 .text.__mdiff.macsbug
                0x0001203c        0xc /Users/nick/Retro68-build/toolchain/lib/gcc/m68k-apple-macos/16.1.0/../../../../m68k-apple-macos/lib/libc.a(libc_a-mprec.o)
 .text.__ulp    0x00012048       0x52 /Users/nick/Retro68-build/toolchain/lib/gcc/m68k-apple-macos/16.1.0/../../../../m68k-apple-macos/lib/libc.a(libc_a-mprec.o)
                0x00012048                __ulp
 .text.__ulp.macsbug
                0x0001209a        0x8 /Users/nick/Retro68-build/toolchain/lib/gcc/m68k-apple-macos/16.1.0/../../../../m68k-apple-macos/lib/libc.a(libc_a-mprec.o)
 .text.__b2d    0x000120a2      0x102 /Users/nick/Retro68-build/toolchain/lib/gcc/m68k-apple-macos/16.1.0/../../../../m68k-apple-macos/lib/libc.a(libc_a-mprec.o)
                0x000120a2                __b2d
 .text.__b2d.macsbug
                0x000121a4        0xa /Users/nick/Retro68-build/toolchain/lib/gcc/m68k-apple-macos/16.1.0/../../../../m68k-apple-macos/lib/libc.a(libc_a-mprec.o)
 .text.__d2b    0x000121ae      0x136 /Users/nick/Retro68-build/toolchain/lib/gcc/m68k-apple-macos/16.1.0/../../../../m68k-apple-macos/lib/libc.a(libc_a-mprec.o)
                0x000121ae                __d2b
 .text.__d2b.macsbug
                0x000122e4        0xa /Users/nick/Retro68-build/toolchain/lib/gcc/m68k-apple-macos/16.1.0/../../../../m68k-apple-macos/lib/libc.a(libc_a-mprec.o)
 .text.__ratio  0x000122ee       0x9e /Users/nick/Retro68-build/toolchain/lib/gcc/m68k-apple-macos/16.1.0/../../../../m68k-apple-macos/lib/libc.a(libc_a-mprec.o)
                0x000122ee                __ratio
 .text.__ratio.macsbug
                0x0001238c        0xa /Users/nick/Retro68-build/toolchain/lib/gcc/m68k-apple-macos/16.1.0/../../../../m68k-apple-macos/lib/libc.a(libc_a-mprec.o)
 .text.__copybits
                0x00012396       0x58 /Users/nick/Retro68-build/toolchain/lib/gcc/m68k-apple-macos/16.1.0/../../../../m68k-apple-macos/lib/libc.a(libc_a-mprec.o)
                0x00012396                __copybits
 .text.__copybits.macsbug
                0x000123ee        0xe /Users/nick/Retro68-build/toolchain/lib/gcc/m68k-apple-macos/16.1.0/../../../../m68k-apple-macos/lib/libc.a(libc_a-mprec.o)
 .text.__any_on
                0x000123fc       0x58 /Users/nick/Retro68-build/toolchain/lib/gcc/m68k-apple-macos/16.1.0/../../../../m68k-apple-macos/lib/libc.a(libc_a-mprec.o)
                0x000123fc                __any_on
 .text.__any_on.macsbug
                0x00012454        0xc /Users/nick/Retro68-build/toolchain/lib/gcc/m68k-apple-macos/16.1.0/../../../../m68k-apple-macos/lib/libc.a(libc_a-mprec.o)
 .text._fwalk_sglue
                0x00012460       0x56 /Users/nick/Retro68-build/toolchain/lib/gcc/m68k-apple-macos/16.1.0/../../../../m68k-apple-macos/lib/libc.a(libc_a-fwalk.o)
                0x00012460                _fwalk_sglue
 .text._fwalk_sglue.macsbug
                0x000124b6       0x10 /Users/nick/Retro68-build/toolchain/lib/gcc/m68k-apple-macos/16.1.0/../../../../m68k-apple-macos/lib/libc.a(libc_a-fwalk.o)
 .text.__smakebuf_r
                0x000124c6      0x17e /Users/nick/Retro68-build/toolchain/lib/gcc/m68k-apple-macos/16.1.0/../../../../m68k-apple-macos/lib/libc.a(libc_a-makebuf.o)
                0x000124c6                __smakebuf_r
 .text.__smakebuf_r.macsbug
                0x00012644       0x12 /Users/nick/Retro68-build/toolchain/lib/gcc/m68k-apple-macos/16.1.0/../../../../m68k-apple-macos/lib/libc.a(libc_a-makebuf.o)
 .text.__sprint_r
                0x00012656       0x3e /Users/nick/Retro68-build/toolchain/lib/gcc/m68k-apple-macos/16.1.0/../../../../m68k-apple-macos/lib/libc.a(libc_a-sprint_r.o)
                0x00012656                __sprint_r
 .text.__sprint_r.macsbug
                0x00012694        0xe /Users/nick/Retro68-build/toolchain/lib/gcc/m68k-apple-macos/16.1.0/../../../../m68k-apple-macos/lib/libc.a(libc_a-sprint_r.o)
 .text.__ssprint_r
                0x000126a2       0x70 /Users/nick/Retro68-build/toolchain/lib/gcc/m68k-apple-macos/16.1.0/../../../../m68k-apple-macos/lib/libc.a(libc_a-ssprint_r.o)
                0x000126a2                __ssprint_r
 .text.__ssprint_r.macsbug
                0x00012712       0x10 /Users/nick/Retro68-build/toolchain/lib/gcc/m68k-apple-macos/16.1.0/../../../../m68k-apple-macos/lib/libc.a(libc_a-ssprint_r.o)
 .text.__ascii_wctomb
                0x00012722       0x2e /Users/nick/Retro68-build/toolchain/lib/gcc/m68k-apple-macos/16.1.0/../../../../m68k-apple-macos/lib/libc.a(libc_a-wctomb_r.o)
                0x00012722                __ascii_wctomb
 .text.__ascii_wctomb.macsbug
                0x00012750       0x12 /Users/nick/Retro68-build/toolchain/lib/gcc/m68k-apple-macos/16.1.0/../../../../m68k-apple-macos/lib/libc.a(libc_a-wctomb_r.o)
 .text.__sccl   0x00012762       0xd6 /Users/nick/Retro68-build/toolchain/lib/gcc/m68k-apple-macos/16.1.0/../../../../m68k-apple-macos/lib/libc.a(libc_a-sccl.o)
                0x00012762                __sccl
 .text.__sccl.macsbug
                0x00012838        0xc /Users/nick/Retro68-build/toolchain/lib/gcc/m68k-apple-macos/16.1.0/../../../../m68k-apple-macos/lib/libc.a(libc_a-sccl.o)
 .text.sprintf  0x00012844       0x56 /Users/nick/Retro68-build/toolchain/lib/gcc/m68k-apple-macos/16.1.0/../../../../m68k-apple-macos/lib/libc.a(libc_a-sprintf.o)
                0x00012844                sprintf
 .text.sprintf.macsbug
                0x0001289a        0xa /Users/nick/Retro68-build/toolchain/lib/gcc/m68k-apple-macos/16.1.0/../../../../m68k-apple-macos/lib/libc.a(libc_a-sprintf.o)
 .text.__sread  0x000128a4       0x38 /Users/nick/Retro68-build/toolchain/lib/gcc/m68k-apple-macos/16.1.0/../../../../m68k-apple-macos/lib/libc.a(libc_a-stdio.o)
                0x000128a4                __sread
 .text.__sread.macsbug
                0x000128dc        0xa /Users/nick/Retro68-build/toolchain/lib/gcc/m68k-apple-macos/16.1.0/../../../../m68k-apple-macos/lib/libc.a(libc_a-stdio.o)
 .text.__seofread
                0x000128e6        0x4 /Users/nick/Retro68-build/toolchain/lib/gcc/m68k-apple-macos/16.1.0/../../../../m68k-apple-macos/lib/libc.a(libc_a-stdio.o)
                0x000128e6                __seofread
 .text.__seofread.macsbug
                0x000128ea        0xe /Users/nick/Retro68-build/toolchain/lib/gcc/m68k-apple-macos/16.1.0/../../../../m68k-apple-macos/lib/libc.a(libc_a-stdio.o)
 .text.__swrite
                0x000128f8       0xac /Users/nick/Retro68-build/toolchain/lib/gcc/m68k-apple-macos/16.1.0/../../../../m68k-apple-macos/lib/libc.a(libc_a-stdio.o)
                0x000128f8                __swrite
 .text.__swrite.macsbug
                0x000129a4        0xe /Users/nick/Retro68-build/toolchain/lib/gcc/m68k-apple-macos/16.1.0/../../../../m68k-apple-macos/lib/libc.a(libc_a-stdio.o)
 .text.__sseek  0x000129b2       0x48 /Users/nick/Retro68-build/toolchain/lib/gcc/m68k-apple-macos/16.1.0/../../../../m68k-apple-macos/lib/libc.a(libc_a-stdio.o)
                0x000129b2                __sseek
 .text.__sseek.macsbug
                0x000129fa        0xa /Users/nick/Retro68-build/toolchain/lib/gcc/m68k-apple-macos/16.1.0/../../../../m68k-apple-macos/lib/libc.a(libc_a-stdio.o)
 .text.__sclose
                0x00012a04       0x12 /Users/nick/Retro68-build/toolchain/lib/gcc/m68k-apple-macos/16.1.0/../../../../m68k-apple-macos/lib/libc.a(libc_a-stdio.o)
                0x00012a04                __sclose
 .text.__sclose.macsbug
                0x00012a16        0xe /Users/nick/Retro68-build/toolchain/lib/gcc/m68k-apple-macos/16.1.0/../../../../m68k-apple-macos/lib/libc.a(libc_a-stdio.o)
 .text.__sflags
                0x00012a24       0x94 /Users/nick/Retro68-build/toolchain/lib/gcc/m68k-apple-macos/16.1.0/../../../../m68k-apple-macos/lib/libc.a(libc_a-flags.o)
                0x00012a24                __sflags
 .text.__sflags.macsbug
                0x00012ab8        0xe /Users/nick/Retro68-build/toolchain/lib/gcc/m68k-apple-macos/16.1.0/../../../../m68k-apple-macos/lib/libc.a(libc_a-flags.o)
 .text.__swsetup_r
                0x00012ac6      0x142 /Users/nick/Retro68-build/toolchain/lib/gcc/m68k-apple-macos/16.1.0/../../../../m68k-apple-macos/lib/libc.a(libc_a-wsetup.o)
                0x00012ac6                __swsetup_r
 .text.__swsetup_r.macsbug
                0x00012c08       0x10 /Users/nick/Retro68-build/toolchain/lib/gcc/m68k-apple-macos/16.1.0/../../../../m68k-apple-macos/lib/libc.a(libc_a-wsetup.o)
 .text.memcmp   0x00012c18       0x7c /Users/nick/Retro68-build/toolchain/lib/gcc/m68k-apple-macos/16.1.0/../../../../m68k-apple-macos/lib/libc.a(libc_a-memcmp.o)
                0x00012c18                memcmp
 .text.memcmp.macsbug
                0x00012c94        0xa /Users/nick/Retro68-build/toolchain/lib/gcc/m68k-apple-macos/16.1.0/../../../../m68k-apple-macos/lib/libc.a(libc_a-memcmp.o)
 .text.strnlen  0x00012c9e       0x24 /Users/nick/Retro68-build/toolchain/lib/gcc/m68k-apple-macos/16.1.0/../../../../m68k-apple-macos/lib/libc.a(libc_a-strnlen.o)
                0x00012c9e                strnlen
 .text.strnlen.macsbug
                0x00012cc2        0xa /Users/nick/Retro68-build/toolchain/lib/gcc/m68k-apple-macos/16.1.0/../../../../m68k-apple-macos/lib/libc.a(libc_a-strnlen.o)
 .text._localeconv_r
                0x00012ccc        0x8 /Users/nick/Retro68-build/toolchain/lib/gcc/m68k-apple-macos/16.1.0/../../../../m68k-apple-macos/lib/libc.a(libc_a-localeconv.o)
                0x00012ccc                _localeconv_r
 .text._localeconv_r.macsbug
                0x00012cd4       0x10 /Users/nick/Retro68-build/toolchain/lib/gcc/m68k-apple-macos/16.1.0/../../../../m68k-apple-macos/lib/libc.a(libc_a-localeconv.o)
 .text._mbrtowc_r
                0x00012ce4       0x60 /Users/nick/Retro68-build/toolchain/lib/gcc/m68k-apple-macos/16.1.0/../../../../m68k-apple-macos/lib/libc.a(libc_a-mbrtowc.o)
                0x00012ce4                _mbrtowc_r
 .text._mbrtowc_r.macsbug
                0x00012d44       0x10 /Users/nick/Retro68-build/toolchain/lib/gcc/m68k-apple-macos/16.1.0/../../../../m68k-apple-macos/lib/libc.a(libc_a-mbrtowc.o)
 .text.iswspace
                0x00012d54       0x10 /Users/nick/Retro68-build/toolchain/lib/gcc/m68k-apple-macos/16.1.0/../../../../m68k-apple-macos/lib/libc.a(libc_a-iswspace.o)
                0x00012d54                iswspace
 .text.iswspace.macsbug
                0x00012d64        0xc /Users/nick/Retro68-build/toolchain/lib/gcc/m68k-apple-macos/16.1.0/../../../../m68k-apple-macos/lib/libc.a(libc_a-iswspace.o)
 .text.iswspace_l
                0x00012d70       0x22 /Users/nick/Retro68-build/toolchain/lib/gcc/m68k-apple-macos/16.1.0/../../../../m68k-apple-macos/lib/libc.a(libc_a-iswspace_l.o)
                0x00012d70                iswspace_l
 .text.iswspace_l.macsbug
                0x00012d92        0xe /Users/nick/Retro68-build/toolchain/lib/gcc/m68k-apple-macos/16.1.0/../../../../m68k-apple-macos/lib/libc.a(libc_a-iswspace_l.o)
 .text.__assert_func
                0x00012da0       0x6c /Users/nick/Retro68-build/toolchain/lib/gcc/m68k-apple-macos/16.1.0/../../../../m68k-apple-macos/lib/libc.a(libc_a-assert.o)
                0x00012da0                __assert_func
 .text.__assert_func.macsbug
                0x00012e0c       0x12 /Users/nick/Retro68-build/toolchain/lib/gcc/m68k-apple-macos/16.1.0/../../../../m68k-apple-macos/lib/libc.a(libc_a-assert.o)
 .text.quorem   0x00012e1e      0x1b8 /Users/nick/Retro68-build/toolchain/lib/gcc/m68k-apple-macos/16.1.0/../../../../m68k-apple-macos/lib/libc.a(libc_a-dtoa.o)
 .text.quorem.macsbug
                0x00012fd6        0xa /Users/nick/Retro68-build/toolchain/lib/gcc/m68k-apple-macos/16.1.0/../../../../m68k-apple-macos/lib/libc.a(libc_a-dtoa.o)
 .text._dtoa_r  0x00012fe0     0x1f28 /Users/nick/Retro68-build/toolchain/lib/gcc/m68k-apple-macos/16.1.0/../../../../m68k-apple-macos/lib/libc.a(libc_a-dtoa.o)
                0x00012fe0                _dtoa_r
 .text._dtoa_r.macsbug
                0x00014f08        0xc /Users/nick/Retro68-build/toolchain/lib/gcc/m68k-apple-macos/16.1.0/../../../../m68k-apple-macos/lib/libc.a(libc_a-dtoa.o)
 .text.fiprintf
                0x00014f14       0x24 /Users/nick/Retro68-build/toolchain/lib/gcc/m68k-apple-macos/16.1.0/../../../../m68k-apple-macos/lib/libc.a(libc_a-fiprintf.o)
                0x00014f14                fiprintf
 .text.fiprintf.macsbug
                0x00014f38        0xc /Users/nick/Retro68-build/toolchain/lib/gcc/m68k-apple-macos/16.1.0/../../../../m68k-apple-macos/lib/libc.a(libc_a-fiprintf.o)
 .text._sungetc_r
                0x00014f44       0xcc /Users/nick/Retro68-build/toolchain/lib/gcc/m68k-apple-macos/16.1.0/../../../../m68k-apple-macos/lib/libc.a(libc_a-svfiscanf.o)
                0x00014f44                _sungetc_r
 .text._sungetc_r.macsbug
                0x00015010        0xe /Users/nick/Retro68-build/toolchain/lib/gcc/m68k-apple-macos/16.1.0/../../../../m68k-apple-macos/lib/libc.a(libc_a-svfiscanf.o)
 .text.__ssrefill_r
                0x0001501e       0x54 /Users/nick/Retro68-build/toolchain/lib/gcc/m68k-apple-macos/16.1.0/../../../../m68k-apple-macos/lib/libc.a(libc_a-svfiscanf.o)
                0x0001501e                __ssrefill_r
 .text.__ssrefill_r.macsbug
                0x00015072       0x10 /Users/nick/Retro68-build/toolchain/lib/gcc/m68k-apple-macos/16.1.0/../../../../m68k-apple-macos/lib/libc.a(libc_a-svfiscanf.o)
 .text._sfread_r
                0x00015082       0xc8 /Users/nick/Retro68-build/toolchain/lib/gcc/m68k-apple-macos/16.1.0/../../../../m68k-apple-macos/lib/libc.a(libc_a-svfiscanf.o)
                0x00015082                _sfread_r
 .text._sfread_r.macsbug
                0x0001514a        0xc /Users/nick/Retro68-build/toolchain/lib/gcc/m68k-apple-macos/16.1.0/../../../../m68k-apple-macos/lib/libc.a(libc_a-svfiscanf.o)
 .text._vfiprintf_r
                0x00015156     0x14a2 /Users/nick/Retro68-build/toolchain/lib/gcc/m68k-apple-macos/16.1.0/../../../../m68k-apple-macos/lib/libc.a(libc_a-vfiprintf.o)
                0x00015156                _vfiprintf_r
 .text._vfiprintf_r.macsbug
                0x000165f8       0x12 /Users/nick/Retro68-build/toolchain/lib/gcc/m68k-apple-macos/16.1.0/../../../../m68k-apple-macos/lib/libc.a(libc_a-vfiprintf.o)
 .text.__sbprintf
                0x0001660a       0xa8 /Users/nick/Retro68-build/toolchain/lib/gcc/m68k-apple-macos/16.1.0/../../../../m68k-apple-macos/lib/libc.a(libc_a-vfiprintf.o)
 .text.__sbprintf.macsbug
                0x000166b2       0x10 /Users/nick/Retro68-build/toolchain/lib/gcc/m68k-apple-macos/16.1.0/../../../../m68k-apple-macos/lib/libc.a(libc_a-vfiprintf.o)
 .text.__ssputs_r
                0x000166c2      0x176 /Users/nick/Retro68-build/toolchain/lib/gcc/m68k-apple-macos/16.1.0/../../../../m68k-apple-macos/lib/libc.a(libc_a-ssputs_r.o)
                0x000166c2                __ssputs_r
 .text.__ssputs_r.macsbug
                0x00016838        0xe /Users/nick/Retro68-build/toolchain/lib/gcc/m68k-apple-macos/16.1.0/../../../../m68k-apple-macos/lib/libc.a(libc_a-ssputs_r.o)
 .text.__submore
                0x00016846       0xbe /Users/nick/Retro68-build/toolchain/lib/gcc/m68k-apple-macos/16.1.0/../../../../m68k-apple-macos/lib/libc.a(libc_a-ungetc.o)
                0x00016846                __submore
 .text.__submore.macsbug
                0x00016904        0xc /Users/nick/Retro68-build/toolchain/lib/gcc/m68k-apple-macos/16.1.0/../../../../m68k-apple-macos/lib/libc.a(libc_a-ungetc.o)
 .text.abort    0x00016910       0x14 /Users/nick/Retro68-build/toolchain/lib/gcc/m68k-apple-macos/16.1.0/../../../../m68k-apple-macos/lib/libc.a(libc_a-abort.o)
                0x00016910                abort
 .text.abort.macsbug
                0x00016924        0xa /Users/nick/Retro68-build/toolchain/lib/gcc/m68k-apple-macos/16.1.0/../../../../m68k-apple-macos/lib/libc.a(libc_a-abort.o)
 .text.atexit   0x0001692e       0x16 /Users/nick/Retro68-build/toolchain/lib/gcc/m68k-apple-macos/16.1.0/../../../../m68k-apple-macos/lib/libc.a(libc_a-atexit.o)
                0x0001692e                atexit
 .text.atexit.macsbug
                0x00016944        0xa /Users/nick/Retro68-build/toolchain/lib/gcc/m68k-apple-macos/16.1.0/../../../../m68k-apple-macos/lib/libc.a(libc_a-atexit.o)
 .text.strncpy  0x0001694e       0x82 /Users/nick/Retro68-build/toolchain/lib/gcc/m68k-apple-macos/16.1.0/../../../../m68k-apple-macos/lib/libc.a(libc_a-strncpy.o)
                0x0001694e                strncpy
 .text.strncpy.macsbug
                0x000169d0        0xc /Users/nick/Retro68-build/toolchain/lib/gcc/m68k-apple-macos/16.1.0/../../../../m68k-apple-macos/lib/libc.a(libc_a-strncpy.o)
 .text.__register_exitproc
                0x000169dc       0xd2 /Users/nick/Retro68-build/toolchain/lib/gcc/m68k-apple-macos/16.1.0/../../../../m68k-apple-macos/lib/libc.a(libc_a-__atexit.o)
                0x000169dc                __register_exitproc
 .text.__register_exitproc.macsbug
                0x00016aae       0x16 /Users/nick/Retro68-build/toolchain/lib/gcc/m68k-apple-macos/16.1.0/../../../../m68k-apple-macos/lib/libc.a(libc_a-__atexit.o)
                0x00016ac4                        . = ALIGN (0x4)
                0x00016ac4                        __init_section = .
 *(.init)
                0x00016ac4                        __init_section_end = .
                0x00016ac4                        __fini_section = .
 *(.fini)
                0x00016ac4                        __fini_section_end = .
                0x00016ac4                        . = ALIGN (0x4)
                0x00016ac4                        __EH_FRAME_BEGIN__ = .
 */libretrocrt.a:start.c.obj(.eh_frame)
 */libretrocrt.a:start.c.obj(.eh_frame.*)
 */libretrocrt.a:relocate.c.obj(.eh_frame)
 */libretrocrt.a:relocate.c.obj(.eh_frame.*)
 */libretrocrt.a:MultiSegApp.c.obj(.eh_frame)
 */libretrocrt.a:MultiSegApp.c.obj(.eh_frame.*)
 */libretrocrt.a:LoadSeg.s.obj(.eh_frame)
 */libretrocrt.a:LoadSeg.s.obj(.eh_frame.*)
 */libretrocrt.a:*(.eh_frame)
 */libretrocrt.a:*(.eh_frame.*)
 */libInterface.a:*(.eh_frame)
 */libInterface.a:*(.eh_frame.*)
 */libgcc.a:*(.eh_frame)
 .eh_frame      0x00016ac4      0x124 /Users/nick/Retro68-build/toolchain/lib/gcc/m68k-apple-macos/16.1.0/libgcc.a(_divdi3.o)
 .eh_frame      0x00016be8      0x120 /Users/nick/Retro68-build/toolchain/lib/gcc/m68k-apple-macos/16.1.0/libgcc.a(_udivdi3.o)
 .eh_frame      0x00016d08      0x120 /Users/nick/Retro68-build/toolchain/lib/gcc/m68k-apple-macos/16.1.0/libgcc.a(_umoddi3.o)
 */libgcc.a:*(.eh_frame.*)
 */libc.a:*(.eh_frame)
 */libc.a:*(.eh_frame.*)
                0x00016e28        0x4 LONG 0x0
 */libretrocrt.a:start.c.obj(.gcc_except_table)
 */libretrocrt.a:start.c.obj(.gcc_except_table.*)
 */libretrocrt.a:relocate.c.obj(.gcc_except_table)
 */libretrocrt.a:relocate.c.obj(.gcc_except_table.*)
 */libretrocrt.a:MultiSegApp.c.obj(.gcc_except_table)
 */libretrocrt.a:MultiSegApp.c.obj(.gcc_except_table.*)
 */libretrocrt.a:LoadSeg.s.obj(.gcc_except_table)
 */libretrocrt.a:LoadSeg.s.obj(.gcc_except_table.*)
 */libretrocrt.a:*(.gcc_except_table)
 */libretrocrt.a:*(.gcc_except_table.*)
 */libInterface.a:*(.gcc_except_table)
 */libInterface.a:*(.gcc_except_table.*)
 */libgcc.a:*(.gcc_except_table)
 */libgcc.a:*(.gcc_except_table.*)
 */libc.a:*(.gcc_except_table)
 */libc.a:*(.gcc_except_table.*)
                0x00016e2c                        . = ALIGN (0x4)
                0x00016e2c                        _etext = .

.code00005      0x00016e2c       0x28
 FILL mask 0x4e71
 */libstdc++.a:locale.o(.text)
 */libstdc++.a:locale.o(.text.*)
 */libstdc++.a:locale_faces.o(.text)
 */libstdc++.a:locale_faces.o(.text.*)
 */libstdc++.a:locale_init.o(.text)
 */libstdc++.a:locale_init.o(.text.*)
                0x00016e2c                        . = ALIGN (0x4)
                0x00016e2c                        __EH_FRAME_BEGIN__00005 = .
 */libstdc++.a:locale.o(.eh_frame)
 */libstdc++.a:locale.o(.eh_frame.*)
 */libstdc++.a:locale_faces.o(.eh_frame)
 */libstdc++.a:locale_faces.o(.eh_frame.*)
 */libstdc++.a:locale_init.o(.eh_frame)
 */libstdc++.a:locale_init.o(.eh_frame.*)
                0x00016e2c        0x4 LONG 0x0
 */libstdc++.a:locale.o(.gcc_except_table)
 */libstdc++.a:locale.o(.gcc_except_table.*)
 */libstdc++.a:locale_faces.o(.gcc_except_table)
 */libstdc++.a:locale_faces.o(.gcc_except_table.*)
 */libstdc++.a:locale_init.o(.gcc_except_table)
 */libstdc++.a:locale_init.o(.gcc_except_table.*)